Component: ARM Compiler 5.06 update 7 (build 960) Tool: armlink [4d3601]

==============================================================================

Section Cross References

    main.o(i.main) refers to board.o(i.board_low_level_init) for board_low_level_init
    main.o(i.main) refers to console_usart.o(i.usart_init) for usart_init
    main.o(i.main) refers to delay.o(i.delay_init) for delay_init
    main.o(i.main) refers to st7735.o(i.st7735_init) for st7735_init
    main.o(i.main) refers to st7735.o(i.st7735_fill_screen) for st7735_fill_screen
    main.o(i.main) refers to led.o(i.led_init) for led_init
    main.o(i.main) refers to st7735.o(i.st7735_write_char) for st7735_write_char
    main.o(i.main) refers to tasks.o(i.xTaskCreate) for xTaskCreate
    main.o(i.main) refers to tasks.o(i.vTaskStartScheduler) for vTaskStartScheduler
    main.o(i.main) refers to printf1.o(i.__0printf$1) for __2printf
    main.o(i.main) refers to delay.o(i.delay_ms) for delay_ms
    main.o(i.main) refers to board.o(.constdata) for led0
    main.o(i.main) refers to stfonts.o(.data) for st_font_ascii_8x16
    main.o(i.main) refers to main.o(i.task1) for task1
    main.o(i.main) refers to main.o(i.task2) for task2
    main.o(i.task1) refers to st7735.o(i.st7735_write_string) for st7735_write_string
    main.o(i.task1) refers to led.o(i.led_toggle) for led_toggle
    main.o(i.task1) refers to printf1.o(i.__0printf$1) for __2printf
    main.o(i.task1) refers to tasks.o(i.vTaskDelay) for vTaskDelay
    main.o(i.task1) refers to stfonts.o(.data) for st_font_ascii_8x16
    main.o(i.task1) refers to board.o(.constdata) for led0
    main.o(i.task2) refers to led.o(i.led_toggle) for led_toggle
    main.o(i.task2) refers to printf1.o(i.__0printf$1) for __2printf
    main.o(i.task2) refers to tasks.o(i.vTaskDelay) for vTaskDelay
    main.o(i.task2) refers to board.o(.constdata) for led1
    board.o(i.board_low_level_init) refers to misc.o(i.NVIC_PriorityGroupConfig) for NVIC_PriorityGroupConfig
    board.o(i.board_low_level_init) refers to stm32f4xx_rcc.o(i.RCC_APB2PeriphClockCmd) for RCC_APB2PeriphClockCmd
    board.o(i.board_low_level_init) refers to stm32f4xx_rcc.o(i.RCC_AHB1PeriphClockCmd) for RCC_AHB1PeriphClockCmd
    printf.o(i.fputc) refers to stm32f4xx_usart.o(i.USART_SendData) for USART_SendData
    printf.o(i.fputc) refers to stm32f4xx_usart.o(i.USART_GetFlagStatus) for USART_GetFlagStatus
    delay.o(i.delay_init) refers to misc.o(i.SysTick_CLKSourceConfig) for SysTick_CLKSourceConfig
    delay.o(i.delay_init) refers to system_stm32f4xx.o(.data) for SystemCoreClock
    delay.o(i.delay_init) refers to delay.o(.data) for fac_us
    delay.o(i.delay_ms) refers to delay.o(i.delay_us) for delay_us
    delay.o(i.delay_us) refers to delay.o(.data) for fac_us
    led.o(i.led_deinit) refers to stm32f4xx_gpio.o(i.GPIO_WriteBit) for GPIO_WriteBit
    led.o(i.led_init) refers to stm32f4xx_rcc.o(i.RCC_AHB1PeriphClockCmd) for RCC_AHB1PeriphClockCmd
    led.o(i.led_init) refers to stm32f4xx_gpio.o(i.GPIO_Init) for GPIO_Init
    led.o(i.led_off) refers to stm32f4xx_gpio.o(i.GPIO_WriteBit) for GPIO_WriteBit
    led.o(i.led_on) refers to stm32f4xx_gpio.o(i.GPIO_WriteBit) for GPIO_WriteBit
    led.o(i.led_toggle) refers to stm32f4xx_gpio.o(i.GPIO_ReadInputDataBit) for GPIO_ReadInputDataBit
    led.o(i.led_toggle) refers to led.o(i.led_off) for led_off
    led.o(i.led_toggle) refers to led.o(i.led_on) for led_on
    console_usart.o(i.usart_init) refers to console_usart.o(i.usart_io_init) for usart_io_init
    console_usart.o(i.usart_init) refers to console_usart.o(i.usart_lowlevel_init) for usart_lowlevel_init
    console_usart.o(i.usart_io_init) refers to stm32f4xx_gpio.o(i.GPIO_PinAFConfig) for GPIO_PinAFConfig
    console_usart.o(i.usart_io_init) refers to stm32f4xx_gpio.o(i.GPIO_Init) for GPIO_Init
    console_usart.o(i.usart_lowlevel_init) refers to stm32f4xx_usart.o(i.USART_Init) for USART_Init
    console_usart.o(i.usart_lowlevel_init) refers to stm32f4xx_usart.o(i.USART_Cmd) for USART_Cmd
    lcd_spi.o(i.DMA2_Stream3_IRQHandler) refers to stm32f4xx_dma.o(i.DMA_GetITStatus) for DMA_GetITStatus
    lcd_spi.o(i.DMA2_Stream3_IRQHandler) refers to stm32f4xx_spi.o(i.SPI_I2S_GetFlagStatus) for SPI_I2S_GetFlagStatus
    lcd_spi.o(i.DMA2_Stream3_IRQHandler) refers to stm32f4xx_dma.o(i.DMA_ClearITPendingBit) for DMA_ClearITPendingBit
    lcd_spi.o(i.DMA2_Stream3_IRQHandler) refers to lcd_spi.o(.data) for lcd_spi_send_finish_callback
    lcd_spi.o(i.lcd_spi_dma_write) refers to memseta.o(.text) for __aeabi_memclr4
    lcd_spi.o(i.lcd_spi_dma_write) refers to stm32f4xx_dma.o(i.DMA_Init) for DMA_Init
    lcd_spi.o(i.lcd_spi_dma_write) refers to stm32f4xx_dma.o(i.DMA_ITConfig) for DMA_ITConfig
    lcd_spi.o(i.lcd_spi_dma_write) refers to stm32f4xx_dma.o(i.DMA_Cmd) for DMA_Cmd
    lcd_spi.o(i.lcd_spi_init) refers to lcd_spi.o(i.lcd_spi_io_init) for lcd_spi_io_init
[...]
    ../clib/microlib/longlong.c              0x00000000   Number         0  llshl.o ABSOLUTE
    ../clib/microlib/longlong.c              0x00000000   Number         0  llsshr.o ABSOLUTE
    ../clib/microlib/printf/printf.c         0x00000000   Number         0  printf0.o ABSOLUTE
    ../clib/microlib/printf/printf.c         0x00000000   Number         0  printf3.o ABSOLUTE
    ../clib/microlib/printf/printf.c         0x00000000   Number         0  printf4.o ABSOLUTE
    ../clib/microlib/printf/printf.c         0x00000000   Number         0  printf5.o ABSOLUTE
    ../clib/microlib/printf/printf.c         0x00000000   Number         0  printf6.o ABSOLUTE
    ../clib/microlib/printf/printf.c         0x00000000   Number         0  printf7.o ABSOLUTE
    ../clib/microlib/printf/printf.c         0x00000000   Number         0  printf2.o ABSOLUTE
    ../clib/microlib/printf/printf.c         0x00000000   Number         0  printf8.o ABSOLUTE
    ../clib/microlib/printf/printf.c         0x00000000   Number         0  printfa.o ABSOLUTE
    ../clib/microlib/printf/printf.c         0x00000000   Number         0  printf1.o ABSOLUTE
    ../clib/microlib/printf/printf.c         0x00000000   Number         0  printfb.o ABSOLUTE
    ../clib/microlib/printf/stubs.s          0x00000000   Number         0  stubs.o ABSOLUTE
    ../clib/microlib/stdio/streams.c         0x00000000   Number         0  stdout.o ABSOLUTE
    ../clib/microlib/string/memcpy.c         0x00000000   Number         0  memcpyb.o ABSOLUTE
    ../clib/microlib/string/memcpy.c         0x00000000   Number         0  memcpya.o ABSOLUTE
    ../clib/microlib/string/memset.c         0x00000000   Number         0  memset.o ABSOLUTE
    ../clib/microlib/string/memset.c         0x00000000   Number         0  memseta.o ABSOLUTE
    ../clib/microlib/stubs.s                 0x00000000   Number         0  iusefp.o ABSOLUTE
    ../fplib/microlib/fpadd.c                0x00000000   Number         0  dadd.o ABSOLUTE
    ../fplib/microlib/fpdiv.c                0x00000000   Number         0  ddiv.o ABSOLUTE
    ../fplib/microlib/fpepilogue.c           0x00000000   Number         0  depilogue.o ABSOLUTE
    ../fplib/microlib/fpfix.c                0x00000000   Number         0  dfixul.o ABSOLUTE
    ../fplib/microlib/fpmul.c                0x00000000   Number         0  dmul.o ABSOLUTE
    ..\\app\\board.c                         0x00000000   Number         0  board.o ABSOLUTE
    ..\\app\\main.c                          0x00000000   Number         0  main.o ABSOLUTE
    ..\\app\\overwrite\\printf.c             0x00000000   Number         0  printf.o ABSOLUTE
    ..\\driver\\delay\\delay.c               0x00000000   Number         0  delay.o ABSOLUTE
    ..\\driver\\led\\led.c                   0x00000000   Number         0  led.o ABSOLUTE
    ..\\driver\\st7735\\lcd_spi.c            0x00000000   Number         0  lcd_spi.o ABSOLUTE
    ..\\driver\\st7735\\st7735.c             0x00000000   Number         0  st7735.o ABSOLUTE
    ..\\driver\\st7735\\stfonts.c            0x00000000   Number         0  stfonts.o ABSOLUTE
    ..\\driver\\usart\\console_usart.c       0x00000000   Number         0  console_usart.o ABSOLUTE
    ..\\firmware\\cmsis\\device\\stm32f4xx_it.c 0x00000000   Number         0  stm32f4xx_it.o ABSOLUTE
    ..\\firmware\\cmsis\\device\\system_stm32f4xx.c 0x00000000   Number         0  system_stm32f4xx.o ABSOLUTE
    ..\\firmware\\driver\\src\\misc.c        0x00000000   Number         0  misc.o ABSOLUTE
    ..\\firmware\\driver\\src\\stm32f4xx_adc.c 0x00000000   Number         0  stm32f4xx_adc.o ABSOLUTE
    ..\\firmware\\driver\\src\\stm32f4xx_can.c 0x00000000   Number         0  stm32f4xx_can.o ABSOLUTE
    ..\\firmware\\driver\\src\\stm32f4xx_crc.c 0x00000000   Number         0  stm32f4xx_crc.o ABSOLUTE
    ..\\firmware\\driver\\src\\stm32f4xx_cryp.c 0x00000000   Number         0  stm32f4xx_cryp.o ABSOLUTE
    ..\\firmware\\driver\\src\\stm32f4xx_cryp_aes.c 0x00000000   Number         0  stm32f4xx_cryp_aes.o ABSOLUTE
    ..\\firmware\\driver\\src\\stm32f4xx_cryp_des.c 0x00000000   Number         0  stm32f4xx_cryp_des.o ABSOLUTE
    ..\\firmware\\driver\\src\\stm32f4xx_cryp_tdes.c 0x00000000   Number         0  stm32f4xx_cryp_tdes.o ABSOLUTE
    ..\\firmware\\driver\\src\\stm32f4xx_dac.c 0x00000000   Number         0  stm32f4xx_dac.o ABSOLUTE
    ..\\firmware\\driver\\src\\stm32f4xx_dbgmcu.c 0x00000000   Number         0  stm32f4xx_dbgmcu.o ABSOLUTE
    ..\\firmware\\driver\\src\\stm32f4xx_dcmi.c 0x00000000   Number         0  stm32f4xx_dcmi.o ABSOLUTE
    ..\\firmware\\driver\\src\\stm32f4xx_dma.c 0x00000000   Number         0  stm32f4xx_dma.o ABSOLUTE
    ..\\firmware\\driver\\src\\stm32f4xx_dma2d.c 0x00000000   Number         0  stm32f4xx_dma2d.o ABSOLUTE
    ..\\firmware\\driver\\src\\stm32f4xx_exti.c 0x00000000   Number         0  stm32f4xx_exti.o ABSOLUTE
    ..\\firmware\\driver\\src\\stm32f4xx_flash.c 0x00000000   Number         0  stm32f4xx_flash.o ABSOLUTE
    ..\\firmware\\driver\\src\\stm32f4xx_flash_ramfunc.c 0x00000000   Number         0  stm32f4xx_flash_ramfunc.o ABSOLUTE
    ..\\firmware\\driver\\src\\stm32f4xx_fsmc.c 0x00000000   Number         0  stm32f4xx_fsmc.o ABSOLUTE
    ..\\firmware\\driver\\src\\stm32f4xx_gpio.c 0x00000000   Number         0  stm32f4xx_gpio.o ABSOLUTE
    ..\\firmware\\driver\\src\\stm32f4xx_hash.c 0x00000000   Number         0  stm32f4xx_hash.o ABSOLUTE
    ..\\firmware\\driver\\src\\stm32f4xx_hash_md5.c 0x00000000   Number         0  stm32f4xx_hash_md5.o ABSOLUTE
    ..\\firmware\\driver\\src\\stm32f4xx_hash_sha1.c 0x00000000   Number         0  stm32f4xx_hash_sha1.o ABSOLUTE
    ..\\firmware\\driver\\src\\stm32f4xx_i2c.c 0x00000000   Number         0  stm32f4xx_i2c.o ABSOLUTE
    ..\\firmware\\driver\\src\\stm32f4xx_iwdg.c 0x00000000   Number         0  stm32f4xx_iwdg.o ABSOLUTE
    ..\\firmware\\driver\\src\\stm32f4xx_ltdc.c 0x00000000   Number         0  stm32f4xx_ltdc.o ABSOLUTE
    ..\\firmware\\driver\\src\\stm32f4xx_pwr.c 0x00000000   Number         0  stm32f4xx_pwr.o ABSOLUTE
    ..\\firmware\\driver\\src\\stm32f4xx_rcc.c 0x00000000   Number         0  stm32f4xx_rcc.o ABSOLUTE
    ..\\firmware\\driver\\src\\stm32f4xx_rng.c 0x00000000   Number         0  stm32f4xx_rng.o ABSOLUTE
    ..\\firmware\\driver\\src\\stm32f4xx_rtc.c 0x00000000   Number         0  stm32f4xx_rtc.o ABSOLUTE
    ..\\firmware\\driver\\src\\stm32f4xx_sai.c 0x00000000   Number         0  stm32f4xx_sai.o ABSOLUTE
    ..\\firmware\\driver\\src\\stm32f4xx_sdio.c 0x00000000   Number         0  stm32f4xx_sdio.o ABSOLUTE
    ..\\firmware\\driver\\src\\stm32f4xx_spi.c 0x00000000   Number         0  stm32f4xx_spi.o ABSOLUTE
    ..\\firmware\\driver\\src\\stm32f4xx_syscfg.c 0x00000000   Number         0  stm32f4xx_syscfg.o ABSOLUTE
    ..\\firmware\\driver\\src\\stm32f4xx_tim.c 0x00000000   Number         0  stm32f4xx_tim.o ABSOLUTE
    ..\\firmware\\driver\\src\\stm32f4xx_usart.c 0x00000000   Number         0  stm32f4xx_usart.o ABSOLUTE
    ..\\firmware\\driver\\src\\stm32f4xx_wwdg.c 0x00000000   Number         0  stm32f4xx_wwdg.o ABSOLUTE
    ..\\third_lib\\freertos\\portable\\RVDS\\ARM_CM4F\\port.c 0x00000000   Number         0  port.o ABSOLUTE
    ..\app\board.c                           0x00000000   Number         0  board.o ABSOLUTE
    ..\app\main.c                            0x00000000   Number         0  main.o ABSOLUTE
    ..\app\overwrite\printf.c                0x00000000   Number         0  printf.o ABSOLUTE
    ..\driver\delay\delay.c                  0x00000000   Number         0  delay.o ABSOLUTE
    ..\driver\led\led.c                      0x00000000   Number         0  led.o ABSOLUTE
    ..\driver\st7735\lcd_spi.c               0x00000000   Number         0  lcd_spi.o ABSOLUTE
    ..\driver\st7735\st7735.c                0x00000000   Number         0  st7735.o ABSOLUTE
    ..\driver\st7735\stfonts.c               0x00000000   Number         0  stfonts.o ABSOLUTE
    ..\driver\usart\console_usart.c          0x00000000   Number         0  console_usart.o ABSOLUTE
    ..\firmware\cmsis\device\startup_stm32f40_41xxx.s 0x00000000   Number         0  startup_stm32f40_41xxx.o ABSOLUTE
    ..\firmware\cmsis\device\stm32f4xx_it.c  0x00000000   Number         0  stm32f4xx_it.o ABSOLUTE
    ..\firmware\cmsis\device\system_stm32f4xx.c 0x00000000   Number         0  system_stm32f4xx.o ABSOLUTE
    ..\firmware\driver\src\misc.c            0x00000000   Number         0  misc.o ABSOLUTE
    ..\firmware\driver\src\stm32f4xx_adc.c   0x00000000   Number         0  stm32f4xx_adc.o ABSOLUTE
    ..\firmware\driver\src\stm32f4xx_can.c   0x00000000   Number         0  stm32f4xx_can.o ABSOLUTE
    ..\firmware\driver\src\stm32f4xx_crc.c   0x00000000   Number         0  stm32f4xx_crc.o ABSOLUTE
    ..\firmware\driver\src\stm32f4xx_cryp.c  0x00000000   Number         0  stm32f4xx_cryp.o ABSOLUTE
    ..\firmware\driver\src\stm32f4xx_cryp_aes.c 0x00000000   Number         0  stm32f4xx_cryp_aes.o ABSOLUTE
    ..\firmware\driver\src\stm32f4xx_cryp_des.c 0x00000000   Number         0  stm32f4xx_cryp_des.o ABSOLUTE
    ..\firmware\driver\src\stm32f4xx_cryp_tdes.c 0x00000000   Number         0  stm32f4xx_cryp_tdes.o ABSOLUTE
    ..\firmware\driver\src\stm32f4xx_dac.c   0x00000000   Number         0  stm32f4xx_dac.o ABSOLUTE
    ..\firmware\driver\src\stm32f4xx_dbgmcu.c 0x00000000   Number         0  stm32f4xx_dbgmcu.o ABSOLUTE
    ..\firmware\driver\src\stm32f4xx_dcmi.c  0x00000000   Number         0  stm32f4xx_dcmi.o ABSOLUTE
    ..\firmware\driver\src\stm32f4xx_dma.c   0x00000000   Number         0  stm32f4xx_dma.o ABSOLUTE
    ..\firmware\driver\src\stm32f4xx_dma2d.c 0x00000000   Number         0  stm32f4xx_dma2d.o ABSOLUTE
    ..\firmware\driver\src\stm32f4xx_exti.c  0x00000000   Number         0  stm32f4xx_exti.o ABSOLUTE
    ..\firmware\driver\src\stm32f4xx_flash.c 0x00000000   Number         0  stm32f4xx_flash.o ABSOLUTE
    ..\firmware\driver\src\stm32f4xx_flash_ramfunc.c 0x00000000   Number         0  stm32f4xx_flash_ramfunc.o ABSOLUTE
    ..\firmware\driver\src\stm32f4xx_fsmc.c  0x00000000   Number         0  stm32f4xx_fsmc.o ABSOLUTE
    ..\firmware\driver\src\stm32f4xx_gpio.c  0x00000000   Number         0  stm32f4xx_gpio.o ABSOLUTE
    ..\firmware\driver\src\stm32f4xx_hash.c  0x00000000   Number         0  stm32f4xx_hash.o ABSOLUTE
    ..\firmware\driver\src\stm32f4xx_hash_md5.c 0x00000000   Number         0  stm32f4xx_hash_md5.o ABSOLUTE
    ..\firmware\driver\src\stm32f4xx_hash_sha1.c 0x00000000   Number         0  stm32f4xx_hash_sha1.o ABSOLUTE
    ..\firmware\driver\src\stm32f4xx_i2c.c   0x00000000   Number         0  stm32f4xx_i2c.o ABSOLUTE
    ..\firmware\driver\src\stm32f4xx_iwdg.c  0x00000000   Number         0  stm32f4xx_iwdg.o ABSOLUTE
    ..\firmware\driver\src\stm32f4xx_ltdc.c  0x00000000   Number         0  stm32f4xx_ltdc.o ABSOLUTE
    ..\firmware\driver\src\stm32f4xx_pwr.c   0x00000000   Number         0  stm32f4xx_pwr.o ABSOLUTE
    ..\firmware\driver\src\stm32f4xx_rcc.c   0x00000000   Number         0  stm32f4xx_rcc.o ABSOLUTE
    ..\firmware\driver\src\stm32f4xx_rng.c   0x00000000   Number         0  stm32f4xx_rng.o ABSOLUTE
    ..\firmware\driver\src\stm32f4xx_rtc.c   0x00000000   Number         0  stm32f4xx_rtc.o ABSOLUTE
    ..\firmware\driver\src\stm32f4xx_sai.c   0x00000000   Number         0  stm32f4xx_sai.o ABSOLUTE
    ..\firmware\driver\src\stm32f4xx_sdio.c  0x00000000   Number         0  stm32f4xx_sdio.o ABSOLUTE
    ..\firmware\driver\src\stm32f4xx_spi.c   0x00000000   Number         0  stm32f4xx_spi.o ABSOLUTE
    ..\firmware\driver\src\stm32f4xx_syscfg.c 0x00000000   Number         0  stm32f4xx_syscfg.o ABSOLUTE
    ..\firmware\driver\src\stm32f4xx_tim.c   0x00000000   Number         0  stm32f4xx_tim.o ABSOLUTE
    ..\firmware\driver\src\stm32f4xx_usart.c 0x00000000   Number         0  stm32f4xx_usart.o ABSOLUTE
    ..\firmware\driver\src\stm32f4xx_wwdg.c  0x00000000   Number         0  stm32f4xx_wwdg.o ABSOLUTE
    ..\third_lib\freertos\croutine.c         0x00000000   Number         0  croutine.o ABSOLUTE
    ..\third_lib\freertos\event_groups.c     0x00000000   Number         0  event_groups.o ABSOLUTE
    ..\third_lib\freertos\list.c             0x00000000   Number         0  list.o ABSOLUTE
    ..\third_lib\freertos\portable\MemMang\heap_4.c 0x00000000   Number         0  heap_4.o ABSOLUTE
    ..\third_lib\freertos\portable\RVDS\ARM_CM4F\port.c 0x00000000   Number         0  port.o ABSOLUTE
    ..\third_lib\freertos\queue.c            0x00000000   Number         0  queue.o ABSOLUTE
    ..\third_lib\freertos\stream_buffer.c    0x00000000   Number         0  stream_buffer.o ABSOLUTE
    ..\third_lib\freertos\tasks.c            0x00000000   Number         0  tasks.o ABSOLUTE
    ..\third_lib\freertos\timers.c           0x00000000   Number         0  timers.o ABSOLUTE
    cdrcmple.s                               0x00000000   Number         0  cdrcmple.o ABSOLUTE
    dc.s                                     0x00000000   Number         0  dc.o ABSOLUTE
    handlers.s                               0x00000000   Number         0  handlers.o ABSOLUTE
    init.s                                   0x00000000   Number         0  init.o ABSOLUTE
    RESET                                    0x08000000   Section      392  startup_stm32f40_41xxx.o(RESET)
    .ARM.Collect$$$$00000000                 0x08000188   Section        0  entry.o(.ARM.Collect$$$$00000000)
    .ARM.Collect$$$$00000001                 0x08000188   Section        4  entry2.o(.ARM.Collect$$$$00000001)
    .ARM.Collect$$$$00000004                 0x0800018c   Section        4  entry5.o(.ARM.Collect$$$$00000004)
    .ARM.Collect$$$$00000008                 0x08000190   Section        0  entry7b.o(.ARM.Collect$$$$00000008)
    .ARM.Collect$$$$0000000A                 0x08000190   Section        0  entry8b.o(.ARM.Collect$$$$0000000A)
    .ARM.Collect$$$$0000000B                 0x08000190   Section        8  entry9a.o(.ARM.Collect$$$$0000000B)
    .ARM.Collect$$$$0000000E                 0x08000198   Section        4  entry12b.o(.ARM.Collect$$$$0000000E)
    .ARM.Collect$$$$0000000F                 0x0800019c   Section        0  entry10a.o(.ARM.Collect$$$$0000000F)
    .ARM.Collect$$$$00000011                 0x0800019c   Section        0  entry11a.o(.ARM.Collect$$$$00000011)
    .ARM.Collect$$$$00002712                 0x0800019c   Section        4  entry2.o(.ARM.Collect$$$$00002712)
    __lit__00000000                          0x0800019c   Data           4  entry2.o(.ARM.Collect$$$$00002712)
    .emb_text                                0x080001a0   Section      190  port.o(.emb_text)
    $v0                                      0x080001a0   Number         0  port.o(.emb_text)
    .text                                    0x08000260   Section       36  startup_stm32f40_41xxx.o(.text)
    $v0                                      0x08000260   Number         0  startup_stm32f40_41xxx.o(.text)
    .text                                    0x08000284   Section        0  memcpya.o(.text)
    .text                                    0x080002a8   Section        0  memseta.o(.text)
    .text                                    0x080002cc   Section        0  uidiv.o(.text)
    .text                                    0x080002f8   Section       36  init.o(.text)
    i.BusFault_Handler                       0x0800031c   Section        0  stm32f4xx_it.o(i.BusFault_Handler)
    i.DMA2_Stream3_IRQHandler                0x08000320   Section        0  lcd_spi.o(i.DMA2_Stream3_IRQHandler)
    i.DMA_ClearITPendingBit                  0x08000360   Section        0  stm32f4xx_dma.o(i.DMA_ClearITPendingBit)
    i.DMA_Cmd                                0x08000394   Section        0  stm32f4xx_dma.o(i.DMA_Cmd)
    i.DMA_GetITStatus                        0x080003ac   Section        0  stm32f4xx_dma.o(i.DMA_GetITStatus)
    i.DMA_ITConfig                           0x08000410   Section        0  stm32f4xx_dma.o(i.DMA_ITConfig)
    i.DMA_Init                               0x0800044c   Section        0  stm32f4xx_dma.o(i.DMA_Init)
    i.DebugMon_Handler                       0x080004a4   Section        0  stm32f4xx_it.o(i.DebugMon_Handler)
    i.GPIO_Init                              0x080004a6   Section        0  stm32f4xx_gpio.o(i.GPIO_Init)
    i.GPIO_PinAFConfig                       0x08000536   Section        0  stm32f4xx_gpio.o(i.GPIO_PinAFConfig)
    i.GPIO_ReadInputDataBit                  0x0800057c   Section        0  stm32f4xx_gpio.o(i.GPIO_ReadInputDataBit)
    i.GPIO_WriteBit                          0x0800058e   Section        0  stm32f4xx_gpio.o(i.GPIO_WriteBit)
    i.HardFault_Handler                      0x08000598   Section        0  stm32f4xx_it.o(i.HardFault_Handler)
    i.MemManage_Handler                      0x0800059c   Section        0  stm32f4xx_it.o(i.MemManage_Handler)
    i.NMI_Handler                            0x080005a0   Section        0  stm32f4xx_it.o(i.NMI_Handler)
    i.NVIC_Init                              0x080005a4   Section        0  misc.o(i.NVIC_Init)
    i.NVIC_PriorityGroupConfig               0x0800061c   Section        0  misc.o(i.NVIC_PriorityGroupConfig)
    i.RCC_AHB1PeriphClockCmd                 0x08000630   Section        0  stm32f4xx_rcc.o(i.RCC_AHB1PeriphClockCmd)
    i.RCC_APB2PeriphClockCmd                 0x08000650   Section        0  stm32f4xx_rcc.o(i.RCC_APB2PeriphClockCmd)
    i.RCC_GetClocksFreq                      0x08000670   Section        0  stm32f4xx_rcc.o(i.RCC_GetClocksFreq)
    i.SPI_Cmd                                0x08000758   Section        0  stm32f4xx_spi.o(i.SPI_Cmd)
    i.SPI_I2S_DMACmd                         0x08000770   Section        0  stm32f4xx_spi.o(i.SPI_I2S_DMACmd)
    i.SPI_I2S_GetFlagStatus                  0x08000782   Section        0  stm32f4xx_spi.o(i.SPI_I2S_GetFlagStatus)
    i.SPI_I2S_SendData                       0x08000794   Section        0  stm32f4xx_spi.o(i.SPI_I2S_SendData)
    i.SPI_Init                               0x08000798   Section        0  stm32f4xx_spi.o(i.SPI_Init)
    i.SetSysClock                            0x080007d4   Section        0  system_stm32f4xx.o(i.SetSysClock)
    SetSysClock                              0x080007d5   Thumb Code   220  system_stm32f4xx.o(i.SetSysClock)
    i.SysTick_CLKSourceConfig                0x080008c0   Section        0  misc.o(i.SysTick_CLKSourceConfig)
    i.SysTick_Handler                        0x080008e8   Section        0  port.o(i.SysTick_Handler)
    i.SystemInit                             0x0800091c   Section        0  system_stm32f4xx.o(i.SystemInit)
    i.USART_Cmd                              0x08000984   Section        0  stm32f4xx_usart.o(i.USART_Cmd)
    i.USART_GetFlagStatus                    0x0800099c   Section        0  stm32f4xx_usart.o(i.USART_GetFlagStatus)
    i.USART_Init                             0x080009b8   Section        0  stm32f4xx_usart.o(i.USART_Init)
    i.USART_SendData                         0x08000a8c   Section        0  stm32f4xx_usart.o(i.USART_SendData)
    i.UsageFault_Handler                     0x08000a94   Section        0  stm32f4xx_it.o(i.UsageFault_Handler)
    i.__0printf$1                            0x08000a98   Section        0  printf1.o(i.__0printf$1)
    i.__scatterload_copy                     0x08000ab8   Section       14  handlers.o(i.__scatterload_copy)
    i.__scatterload_null                     0x08000ac6   Section        2  handlers.o(i.__scatterload_null)
    i.__scatterload_zeroinit                 0x08000ac8   Section       14  handlers.o(i.__scatterload_zeroinit)
    i._printf_core                           0x08000ad8   Section        0  printf1.o(i._printf_core)
    _printf_core                             0x08000ad9   Thumb Code   336  printf1.o(i._printf_core)
    i.board_low_level_init                   0x08000c2c   Section        0  board.o(i.board_low_level_init)
    i.delay_init                             0x08000c78   Section        0  delay.o(i.delay_init)
    i.delay_ms                               0x08000cb0   Section        0  delay.o(i.delay_ms)
    i.delay_us                               0x08000cc8   Section        0  delay.o(i.delay_us)
    i.fputc                                  0x08000d10   Section        0  printf.o(i.fputc)
    i.lcd_spi_dma_write                      0x08000d34   Section        0  lcd_spi.o(i.lcd_spi_dma_write)
    i.lcd_spi_init                           0x08000d98   Section        0  lcd_spi.o(i.lcd_spi_init)
    i.lcd_spi_io_init                        0x08000da8   Section        0  lcd_spi.o(i.lcd_spi_io_init)
    lcd_spi_io_init                          0x08000da9   Thumb Code    96  lcd_spi.o(i.lcd_spi_io_init)
    i.lcd_spi_lowlevel_init                  0x08000e0c   Section        0  lcd_spi.o(i.lcd_spi_lowlevel_init)
    lcd_spi_lowlevel_init                    0x08000e0d   Thumb Code    92  lcd_spi.o(i.lcd_spi_lowlevel_init)
    i.lcd_spi_nvic_init                      0x08000e6c   Section        0  lcd_spi.o(i.lcd_spi_nvic_init)
    lcd_spi_nvic_init                        0x08000e6d   Thumb Code    34  lcd_spi.o(i.lcd_spi_nvic_init)
    i.lcd_spi_send_finish_register           0x08000e90   Section        0  lcd_spi.o(i.lcd_spi_send_finish_register)
    i.lcd_spi_write                          0x08000e9c   Section        0  lcd_spi.o(i.lcd_spi_write)
    i.led_init                               0x08000ed8   Section        0  led.o(i.led_init)
    i.led_off                                0x08000f0a   Section        0  led.o(i.led_off)
    i.led_on                                 0x08000f1a   Section        0  led.o(i.led_on)
    i.led_toggle                             0x08000f2a   Section        0  led.o(i.led_toggle)
    i.main                                   0x08000f48   Section        0  main.o(i.main)
    i.prvAddCurrentTaskToDelayedList         0x0800100c   Section        0  tasks.o(i.prvAddCurrentTaskToDelayedList)
    prvAddCurrentTaskToDelayedList           0x0800100d   Thumb Code   124  tasks.o(i.prvAddCurrentTaskToDelayedList)
    i.prvAddNewTaskToReadyList               0x080010a4   Section        0  tasks.o(i.prvAddNewTaskToReadyList)
    prvAddNewTaskToReadyList                 0x080010a5   Thumb Code   156  tasks.o(i.prvAddNewTaskToReadyList)
    i.prvCheckForValidListAndQueue           0x0800115c   Section        0  timers.o(i.prvCheckForValidListAndQueue)
    prvCheckForValidListAndQueue             0x0800115d   Thumb Code    72  timers.o(i.prvCheckForValidListAndQueue)
    i.prvCheckTasksWaitingTermination        0x080011c0   Section        0  tasks.o(i.prvCheckTasksWaitingTermination)
    prvCheckTasksWaitingTermination          0x080011c1   Thumb Code    60  tasks.o(i.prvCheckTasksWaitingTermination)
    i.prvCopyDataFromQueue                   0x08001208   Section        0  queue.o(i.prvCopyDataFromQueue)
    prvCopyDataFromQueue                     0x08001209   Thumb Code    42  queue.o(i.prvCopyDataFromQueue)
    i.prvCopyDataToQueue                     0x08001232   Section        0  queue.o(i.prvCopyDataToQueue)
    prvCopyDataToQueue                       0x08001233   Thumb Code   126  queue.o(i.prvCopyDataToQueue)
    i.prvDeleteTCB                           0x080012b0   Section        0  tasks.o(i.prvDeleteTCB)
    prvDeleteTCB                             0x080012b1   Thumb Code    18  tasks.o(i.prvDeleteTCB)
    i.prvGetNextExpireTime                   0x080012c4   Section        0  timers.o(i.prvGetNextExpireTime)
    prvGetNextExpireTime                     0x080012c5   Thumb Code    36  timers.o(i.prvGetNextExpireTime)
    i.prvHeapInit                            0x080012ec   Section        0  heap_4.o(i.prvHeapInit)
    prvHeapInit                              0x080012ed   Thumb Code    98  heap_4.o(i.prvHeapInit)
    i.prvIdleTask                            0x08001368   Section        0  tasks.o(i.prvIdleTask)
    prvIdleTask                              0x08001369   Thumb Code    32  tasks.o(i.prvIdleTask)
    i.prvInitialiseNewQueue                  0x08001390   Section        0  queue.o(i.prvInitialiseNewQueue)
    prvInitialiseNewQueue                    0x08001391   Thumb Code    42  queue.o(i.prvInitialiseNewQueue)
    i.prvInitialiseNewTask                   0x080013ba   Section        0  tasks.o(i.prvInitialiseNewTask)
    prvInitialiseNewTask                     0x080013bb   Thumb Code   190  tasks.o(i.prvInitialiseNewTask)
    i.prvInitialiseTaskLists                 0x08001478   Section        0  tasks.o(i.prvInitialiseTaskLists)
    prvInitialiseTaskLists                   0x08001479   Thumb Code    70  tasks.o(i.prvInitialiseTaskLists)
    i.prvInsertBlockIntoFreeList             0x080014e0   Section        0  heap_4.o(i.prvInsertBlockIntoFreeList)
    prvInsertBlockIntoFreeList               0x080014e1   Thumb Code    96  heap_4.o(i.prvInsertBlockIntoFreeList)
    i.prvInsertTimerInActiveList             0x08001548   Section        0  timers.o(i.prvInsertTimerInActiveList)
    prvInsertTimerInActiveList               0x08001549   Thumb Code    80  timers.o(i.prvInsertTimerInActiveList)
    i.prvIsQueueEmpty                        0x080015a0   Section        0  queue.o(i.prvIsQueueEmpty)
    prvIsQueueEmpty                          0x080015a1   Thumb Code    26  queue.o(i.prvIsQueueEmpty)
    i.prvIsQueueFull                         0x080015ba   Section        0  queue.o(i.prvIsQueueFull)
    prvIsQueueFull                           0x080015bb   Thumb Code    30  queue.o(i.prvIsQueueFull)
    i.prvProcessExpiredTimer                 0x080015d8   Section        0  timers.o(i.prvProcessExpiredTimer)
    prvProcessExpiredTimer                   0x080015d9   Thumb Code   110  timers.o(i.prvProcessExpiredTimer)
    i.prvProcessReceivedCommands             0x0800164c   Section        0  timers.o(i.prvProcessReceivedCommands)
    prvProcessReceivedCommands               0x0800164d   Thumb Code   308  timers.o(i.prvProcessReceivedCommands)
    i.prvProcessTimerOrBlockTask             0x08001784   Section        0  timers.o(i.prvProcessTimerOrBlockTask)
    prvProcessTimerOrBlockTask               0x08001785   Thumb Code   102  timers.o(i.prvProcessTimerOrBlockTask)
    i.prvResetNextTaskUnblockTime            0x080017f8   Section        0  tasks.o(i.prvResetNextTaskUnblockTime)
    prvResetNextTaskUnblockTime              0x080017f9   Thumb Code    40  tasks.o(i.prvResetNextTaskUnblockTime)
    i.prvSampleTimeNow                       0x08001828   Section        0  timers.o(i.prvSampleTimeNow)
    prvSampleTimeNow                         0x08001829   Thumb Code    40  timers.o(i.prvSampleTimeNow)
    i.prvSwitchTimerLists                    0x08001854   Section        0  timers.o(i.prvSwitchTimerLists)
    prvSwitchTimerLists                      0x08001855   Thumb Code   154  timers.o(i.prvSwitchTimerLists)
    i.prvTaskExitError                       0x080018f8   Section        0  port.o(i.prvTaskExitError)
    prvTaskExitError                         0x080018f9   Thumb Code    60  port.o(i.prvTaskExitError)
    i.prvTimerTask                           0x08001938   Section        0  timers.o(i.prvTimerTask)
    prvTimerTask                             0x08001939   Thumb Code    26  timers.o(i.prvTimerTask)
    i.prvUnlockQueue                         0x08001952   Section        0  queue.o(i.prvUnlockQueue)
    prvUnlockQueue                           0x08001953   Thumb Code   126  queue.o(i.prvUnlockQueue)
    i.pvPortMalloc                           0x080019d0   Section        0  heap_4.o(i.pvPortMalloc)
    i.pxPortInitialiseStack                  0x08001b3c   Section        0  port.o(i.pxPortInitialiseStack)
    i.spi_on_async_finish                    0x08001b68   Section        0  st7735.o(i.spi_on_async_finish)
    spi_on_async_finish                      0x08001b69   Thumb Code     8  st7735.o(i.spi_on_async_finish)
    i.st7735_exec_cmds                       0x08001b74   Section        0  st7735.o(i.st7735_exec_cmds)
    st7735_exec_cmds                         0x08001b75   Thumb Code    64  st7735.o(i.st7735_exec_cmds)
    i.st7735_fill_rect                       0x08001bb4   Section        0  st7735.o(i.st7735_fill_rect)
    i.st7735_fill_screen                     0x08001c8c   Section        0  st7735.o(i.st7735_fill_screen)
    i.st7735_find_font                       0x08001ca0   Section        0  st7735.o(i.st7735_find_font)
    st7735_find_font                         0x08001ca1   Thumb Code    56  st7735.o(i.st7735_find_font)
    i.st7735_init                            0x08001cd8   Section        0  st7735.o(i.st7735_init)
    i.st7735_pin_init                        0x08001d14   Section        0  st7735.o(i.st7735_pin_init)
    st7735_pin_init                          0x08001d15   Thumb Code    84  st7735.o(i.st7735_pin_init)
    i.st7735_reset                           0x08001d70   Section        0  st7735.o(i.st7735_reset)
    i.st7735_select                          0x08001d98   Section        0  st7735.o(i.st7735_select)
    i.st7735_set_window                      0x08001dac   Section        0  st7735.o(i.st7735_set_window)
    st7735_set_window                        0x08001dad   Thumb Code    82  st7735.o(i.st7735_set_window)
    i.st7735_unselect                        0x08001e00   Section        0  st7735.o(i.st7735_unselect)
    i.st7735_write_char                      0x08001e14   Section        0  st7735.o(i.st7735_write_char)
    i.st7735_write_cmd                       0x08001ed4   Section        0  st7735.o(i.st7735_write_cmd)
    st7735_write_cmd                         0x08001ed5   Thumb Code    22  st7735.o(i.st7735_write_cmd)
    i.st7735_write_data                      0x08001ef0   Section        0  st7735.o(i.st7735_write_data)
    st7735_write_data                        0x08001ef1   Thumb Code    42  st7735.o(i.st7735_write_data)
    i.st7735_write_string                    0x08001f24   Section        0  st7735.o(i.st7735_write_string)
    i.task1                                  0x08001f80   Section        0  main.o(i.task1)
    i.task2                                  0x08002008   Section        0  main.o(i.task2)
    i.usart_init                             0x0800203c   Section        0  console_usart.o(i.usart_init)
    i.usart_io_init                          0x08002048   Section        0  console_usart.o(i.usart_io_init)
    usart_io_init                            0x08002049   Thumb Code    62  console_usart.o(i.usart_io_init)
    i.usart_lowlevel_init                    0x0800208c   Section        0  console_usart.o(i.usart_lowlevel_init)
    usart_lowlevel_init                      0x0800208d   Thumb Code    52  console_usart.o(i.usart_lowlevel_init)
    i.uxListRemove                           0x080020c4   Section        0  list.o(i.uxListRemove)
    i.vListInitialise                        0x080020ec   Section        0  list.o(i.vListInitialise)
    i.vListInitialiseItem                    0x08002106   Section        0  list.o(i.vListInitialiseItem)
    i.vListInsert                            0x0800210c   Section        0  list.o(i.vListInsert)
    i.vListInsertEnd                         0x08002140   Section        0  list.o(i.vListInsertEnd)
    i.vPortEnterCritical                     0x08002158   Section        0  port.o(i.vPortEnterCritical)
    i.vPortExitCritical                      0x080021ac   Section        0  port.o(i.vPortExitCritical)
    i.vPortFree                              0x080021e8   Section        0  heap_4.o(i.vPortFree)
    i.vPortSetupTimerInterrupt               0x0800228c   Section        0  port.o(i.vPortSetupTimerInterrupt)
    i.vPortValidateInterruptPriority         0x080022b4   Section        0  port.o(i.vPortValidateInterruptPriority)
    i.vQueueAddToRegistry                    0x0800232c   Section        0  queue.o(i.vQueueAddToRegistry)
    i.vQueueWaitForMessageRestricted         0x08002358   Section        0  queue.o(i.vQueueWaitForMessageRestricted)
    i.vTaskDelay                             0x080023a4   Section        0  tasks.o(i.vTaskDelay)
    i.vTaskInternalSetTimeOutState           0x08002400   Section        0  tasks.o(i.vTaskInternalSetTimeOutState)
    i.vTaskMissedYield                       0x08002418   Section        0  tasks.o(i.vTaskMissedYield)
    i.vTaskPlaceOnEventList                  0x08002424   Section        0  tasks.o(i.vTaskPlaceOnEventList)
    i.vTaskPlaceOnEventListRestricted        0x0800245c   Section        0  tasks.o(i.vTaskPlaceOnEventListRestricted)
    i.vTaskStartScheduler                    0x0800249c   Section        0  tasks.o(i.vTaskStartScheduler)
    i.vTaskSuspendAll                        0x08002538   Section        0  tasks.o(i.vTaskSuspendAll)
    i.vTaskSwitchContext                     0x08002548   Section        0  tasks.o(i.vTaskSwitchContext)
    i.xPortStartScheduler                    0x080025d4   Section        0  port.o(i.xPortStartScheduler)
    i.xQueueGenericCreate                    0x0800273c   Section        0  queue.o(i.xQueueGenericCreate)
    i.xQueueGenericReset                     0x080027e0   Section        0  queue.o(i.xQueueGenericReset)
    i.xQueueGenericSend                      0x08002878   Section        0  queue.o(i.xQueueGenericSend)
    i.xQueueGenericSendFromISR               0x08002a20   Section        0  queue.o(i.xQueueGenericSendFromISR)
    i.xQueueReceive                          0x08002b40   Section        0  queue.o(i.xQueueReceive)
    i.xTaskCheckForTimeOut                   0x08002ca8   Section        0  tasks.o(i.xTaskCheckForTimeOut)
    i.xTaskCreate                            0x08002d38   Section        0  tasks.o(i.xTaskCreate)
    i.xTaskGetSchedulerState                 0x08002d98   Section        0  tasks.o(i.xTaskGetSchedulerState)
    i.xTaskGetTickCount                      0x08002db8   Section        0  tasks.o(i.xTaskGetTickCount)
    i.xTaskIncrementTick                     0x08002dc4   Section        0  tasks.o(i.xTaskIncrementTick)
    i.xTaskPriorityDisinherit                0x08002f0c   Section        0  tasks.o(i.xTaskPriorityDisinherit)
    i.xTaskRemoveFromEventList               0x08002fc8   Section        0  tasks.o(i.xTaskRemoveFromEventList)
    i.xTaskResumeAll                         0x08003060   Section        0  tasks.o(i.xTaskResumeAll)
    i.xTimerCreateTimerTask                  0x08003164   Section        0  timers.o(i.xTimerCreateTimerTask)
    i.xTimerGenericCommand                   0x080031bc   Section        0  timers.o(i.xTimerGenericCommand)
    .constdata                               0x08003240   Section       72  board.o(.constdata)
    .constdata                               0x08003288   Section      109  st7735.o(.constdata)
    init_cmd_list                            0x08003288   Data         109  st7735.o(.constdata)
    .constdata                               0x080032f5   Section     1697  stfonts.o(.constdata)
    font_ascii_8x16_data                     0x080032f5   Data        1615  stfonts.o(.constdata)
    font_temper_8x16_data                    0x08003944   Data          17  stfonts.o(.constdata)
    self_font_temper_16x32_data              0x08003955   Data          65  stfonts.o(.constdata)
    .data                                    0x20000000   Section        8  delay.o(.data)
    .data                                    0x20000008   Section        4  lcd_spi.o(.data)
    lcd_spi_send_finish_callback             0x20000008   Data           4  lcd_spi.o(.data)
    .data                                    0x2000000c   Section        1  st7735.o(.data)
    lcd_spi_async_done                       0x2000000c   Data           1  st7735.o(.data)
    .data                                    0x20000010   Section       36  stfonts.o(.data)
    .data                                    0x20000034   Section       20  system_stm32f4xx.o(.data)
    .data                                    0x20000048   Section       16  stm32f4xx_rcc.o(.data)
    APBAHBPrescTable                         0x20000048   Data          16  stm32f4xx_rcc.o(.data)
    .data                                    0x20000058   Section       64  tasks.o(.data)
    pxDelayedTaskList                        0x2000005c   Data           4  tasks.o(.data)
    pxOverflowDelayedTaskList                0x20000060   Data           4  tasks.o(.data)
    uxDeletedTasksWaitingCleanUp             0x20000064   Data           4  tasks.o(.data)
    uxCurrentNumberOfTasks                   0x20000068   Data           4  tasks.o(.data)
    xTickCount                               0x2000006c   Data           4  tasks.o(.data)
    uxTopReadyPriority                       0x20000070   Data           4  tasks.o(.data)
    xSchedulerRunning                        0x20000074   Data           4  tasks.o(.data)
    xPendedTicks                             0x20000078   Data           4  tasks.o(.data)
    xYieldPending                            0x2000007c   Data           4  tasks.o(.data)
    xNumOfOverflows                          0x20000080   Data           4  tasks.o(.data)
    uxTaskNumber                             0x20000084   Data           4  tasks.o(.data)
    xNextTaskUnblockTime                     0x20000088   Data           4  tasks.o(.data)
    xIdleTaskHandle                          0x2000008c   Data           4  tasks.o(.data)
    uxSchedulerSuspended                     0x20000094   Data           4  tasks.o(.data)
    .data                                    0x20000098   Section       20  timers.o(.data)
    pxCurrentTimerList                       0x20000098   Data           4  timers.o(.data)
    pxOverflowTimerList                      0x2000009c   Data           4  timers.o(.data)
    xTimerQueue                              0x200000a0   Data           4  timers.o(.data)
    xTimerTaskHandle                         0x200000a4   Data           4  timers.o(.data)
    xLastTime                                0x200000a8   Data           4  timers.o(.data)
    .data                                    0x200000ac   Section       32  heap_4.o(.data)
    xStart                                   0x200000ac   Data           8  heap_4.o(.data)
    pxEnd                                    0x200000b4   Data           4  heap_4.o(.data)
    xFreeBytesRemaining                      0x200000b8   Data           4  heap_4.o(.data)
    xMinimumEverFreeBytesRemaining           0x200000bc   Data           4  heap_4.o(.data)
    xNumberOfSuccessfulAllocations           0x200000c0   Data           4  heap_4.o(.data)
    xNumberOfSuccessfulFrees                 0x200000c4   Data           4  heap_4.o(.data)
    xBlockAllocatedBit                       0x200000c8   Data           4  heap_4.o(.data)
    .data                                    0x200000cc   Section       12  port.o(.data)
    uxCriticalNesting                        0x200000cc   Data           4  port.o(.data)
    ucMaxSysCallPriority                     0x200000d0   Data           1  port.o(.data)
    ulMaxPRIGROUPValue                       0x200000d4   Data           4  port.o(.data)
    .data                                    0x200000d8   Section        4  stdout.o(.data)
    .bss                                     0x200000dc   Section     4096  st7735.o(.bss)
    gram_buffer                              0x200000dc   Data        4096  st7735.o(.bss)
    .bss                                     0x200010dc   Section       64  queue.o(.bss)
    .bss                                     0x2000111c   Section      300  tasks.o(.bss)
    pxReadyTasksLists                        0x2000111c   Data         200  tasks.o(.bss)
    xDelayedTaskList1                        0x200011e4   Data          20  tasks.o(.bss)
    xDelayedTaskList2                        0x200011f8   Data          20  tasks.o(.bss)
    xPendingReadyList                        0x2000120c   Data          20  tasks.o(.bss)
    xTasksWaitingTermination                 0x20001220   Data          20  tasks.o(.bss)
    xSuspendedTaskList                       0x20001234   Data          20  tasks.o(.bss)
    .bss                                     0x20001248   Section       40  timers.o(.bss)
    xActiveTimerList1                        0x20001248   Data          20  timers.o(.bss)
    xActiveTimerList2                        0x2000125c   Data          20  timers.o(.bss)
    .bss                                     0x20001270   Section    30720  heap_4.o(.bss)
    ucHeap                                   0x20001270   Data       30720  heap_4.o(.bss)
    STACK                                    0x20008a70   Section     1024  startup_stm32f40_41xxx.o(STACK)

    Global Symbols

    Symbol Name                              Value     Ov Type        Size  Object(Section)

    BuildAttributes$$THM_ISAv4$E$P$D$K$B$S$7EM$VFPi3$EXTD16$VFPS$VFMA$PE$A:L22UL41UL21$X:L11$S22US41US21$IEEE1$IW$USESV6$~STKCKD$USESV7$~SHL$OSPACE$ROPI$EBA8$MICROLIB$REQ8$PRES8$EABIv2 0x00000000   Number         0  anon$$obj.o ABSOLUTE
    __ARM_use_no_argv                        0x00000000   Number         0  main.o ABSOLUTE
    _printf_a                                0x00000000   Number         0  stubs.o ABSOLUTE
    _printf_c                                0x00000000   Number         0  stubs.o ABSOLUTE
    _printf_charcount                        0x00000000   Number         0  stubs.o ABSOLUTE
    _printf_d                                0x00000000   Number         0  stubs.o ABSOLUTE
    _printf_e                                0x00000000   Number         0  stubs.o ABSOLUTE
    _printf_f                                0x00000000   Number         0  stubs.o ABSOLUTE
    _printf_flags                            0x00000000   Number         0  stubs.o ABSOLUTE
    _printf_fp_dec                           0x00000000   Number         0  stubs.o ABSOLUTE
    _printf_fp_hex                           0x00000000   Number         0  stubs.o ABSOLUTE
    _printf_g                                0x00000000   Number         0  stubs.o ABSOLUTE
    _printf_i                                0x00000000   Number         0  stubs.o ABSOLUTE
    _printf_int_dec                          0x00000000   Number         0  stubs.o ABSOLUTE
    _printf_l                                0x00000000   Number         0  stubs.o ABSOLUTE
    _printf_lc                               0x00000000   Number         0  stubs.o ABSOLUTE
    _printf_ll                               0x00000000   Number         0  stubs.o ABSOLUTE
    _printf_lld                              0x00000000   Number         0  stubs.o ABSOLUTE
    _printf_lli                              0x00000000   Number         0  stubs.o ABSOLUTE
    _printf_llo                              0x00000000   Number         0  stubs.o ABSOLUTE
    _printf_llu                              0x00000000   Number         0  stubs.o ABSOLUTE
    _printf_llx                              0x00000000   Number         0  stubs.o ABSOLUTE
    _printf_longlong_dec                     0x00000000   Number         0  stubs.o ABSOLUTE
    _printf_longlong_hex                     0x00000000   Number         0  stubs.o ABSOLUTE
    _printf_longlong_oct                     0x00000000   Number         0  stubs.o ABSOLUTE
    _printf_ls                               0x00000000   Number         0  stubs.o ABSOLUTE
    _printf_mbtowc                           0x00000000   Number         0  stubs.o ABSOLUTE
    _printf_n                                0x00000000   Number         0  stubs.o ABSOLUTE
    _printf_o                                0x00000000   Number         0  stubs.o ABSOLUTE
    _printf_p                                0x00000000   Number         0  stubs.o ABSOLUTE
    _printf_percent                          0x00000000   Number         0  stubs.o ABSOLUTE
    _printf_pre_padding                      0x00000000   Number         0  stubs.o ABSOLUTE
    _printf_return_value                     0x00000000   Number         0  stubs.o ABSOLUTE
    _printf_s                                0x00000000   Number         0  stubs.o ABSOLUTE
    _printf_sizespec                         0x00000000   Number         0  stubs.o ABSOLUTE
    _printf_str                              0x00000000   Number         0  stubs.o ABSOLUTE
    _printf_truncate_signed                  0x00000000   Number         0  stubs.o ABSOLUTE
    _printf_truncate_unsigned                0x00000000   Number         0  stubs.o ABSOLUTE
    _printf_u                                0x00000000   Number         0  stubs.o ABSOLUTE
    _printf_wc                               0x00000000   Number         0  stubs.o ABSOLUTE
    _printf_wctomb                           0x00000000   Number         0  stubs.o ABSOLUTE
    _printf_widthprec                        0x00000000   Number         0  stubs.o ABSOLUTE
    _printf_x                                0x00000000   Number         0  stubs.o ABSOLUTE
    __arm_fini_                               - Undefined Weak Reference
    __cpp_initialize__aeabi_                  - Undefined Weak Reference
    __cxa_finalize                            - Undefined Weak Reference
    __decompress                              - Undefined Weak Reference
    _clock_init                               - Undefined Weak Reference
    _microlib_exit                            - Undefined Weak Reference
    __Vectors_Size                           0x00000188   Number         0  startup_stm32f40_41xxx.o ABSOLUTE
    __Vectors                                0x08000000   Data           4  startup_stm32f40_41xxx.o(RESET)
    __Vectors_End                            0x08000188   Data           0  startup_stm32f40_41xxx.o(RESET)
    __main                                   0x08000189   Thumb Code     0  entry.o(.ARM.Collect$$$$00000000)
    _main_stk                                0x08000189   Thumb Code     0  entry2.o(.ARM.Collect$$$$00000001)
    _main_scatterload                        0x0800018d   Thumb Code     0  entry5.o(.ARM.Collect$$$$00000004)
    __main_after_scatterload                 0x08000191   Thumb Code     0  entry5.o(.ARM.Collect$$$$00000004)
    _main_clock                              0x08000191   Thumb Code     0  entry7b.o(.ARM.Collect$$$$00000008)
    _main_cpp_init                           0x08000191   Thumb Code     0  entry8b.o(.ARM.Collect$$$$0000000A)
    _main_init                               0x08000191   Thumb Code     0  entry9a.o(.ARM.Collect$$$$0000000B)
    __rt_lib_shutdown_fini                   0x08000199   Thumb Code     0  entry12b.o(.ARM.Collect$$$$0000000E)
    __rt_final_cpp                           0x0800019d   Thumb Code     0  entry10a.o(.ARM.Collect$$$$0000000F)
    __rt_final_exit                          0x0800019d   Thumb Code     0  entry11a.o(.ARM.Collect$$$$00000011)
    SVC_Handler                              0x080001a1   Thumb Code    28  port.o(.emb_text)
    __asm___6_port_c_39a90d8d__prvStartFirstTask 0x080001c1   Thumb Code    36  port.o(.emb_text)
    __asm___6_port_c_39a90d8d__prvEnableVFP  0x080001e9   Thumb Code    16  port.o(.emb_text)
    PendSV_Handler                           0x080001fd   Thumb Code    88  port.o(.emb_text)
    vPortGetIPSR                             0x08000259   Thumb Code     6  port.o(.emb_text)
    Reset_Handler                            0x08000261   Thumb Code     8  startup_stm32f40_41xxx.o(.text)
    ADC_IRQHandler                           0x0800027b   Thumb Code     0  startup_stm32f40_41xxx.o(.text)
    CAN1_RX0_IRQHandler                      0x0800027b   Thumb Code     0  startup_stm32f40_41xxx.o(.text)
    CAN1_RX1_IRQHandler                      0x0800027b   Thumb Code     0  startup_stm32f40_41xxx.o(.text)
    CAN1_SCE_IRQHandler                      0x0800027b   Thumb Code     0  startup_stm32f40_41xxx.o(.text)
    CAN1_TX_IRQHandler                       0x0800027b   Thumb Code     0  startup_stm32f40_41xxx.o(.text)
    CAN2_RX0_IRQHandler                      0x0800027b   Thumb Code     0  startup_stm32f40_41xxx.o(.text)
    CAN2_RX1_IRQHandler                      0x0800027b   Thumb Code     0  startup_stm32f40_41xxx.o(.text)
    CAN2_SCE_IRQHandler                      0x0800027b   Thumb Code     0  startup_stm32f40_41xxx.o(.text)
    CAN2_TX_IRQHandler                       0x0800027b   Thumb Code     0  startup_stm32f40_41xxx.o(.text)
    CRYP_IRQHandler                          0x0800027b   Thumb Code     0  startup_stm32f40_41xxx.o(.text)
    DCMI_IRQHandler                          0x0800027b   Thumb Code     0  startup_stm32f40_41xxx.o(.text)
    DMA1_Stream0_IRQHandler                  0x0800027b   Thumb Code     0  startup_stm32f40_41xxx.o(.text)
    DMA1_Stream1_IRQHandler                  0x0800027b   Thumb Code     0  startup_stm32f40_41xxx.o(.text)
    DMA1_Stream2_IRQHandler                  0x0800027b   Thumb Code     0  startup_stm32f40_41xxx.o(.text)
    DMA1_Stream3_IRQHandler                  0x0800027b   Thumb Code     0  startup_stm32f40_41xxx.o(.text)
    DMA1_Stream4_IRQHandler                  0x0800027b   Thumb Code     0  startup_stm32f40_41xxx.o(.text)
    DMA1_Stream5_IRQHandler                  0x0800027b   Thumb Code     0  startup_stm32f40_41xxx.o(.text)
    DMA1_Stream6_IRQHandler                  0x0800027b   Thumb Code     0  startup_stm32f40_41xxx.o(.text)
    DMA1_Stream7_IRQHandler                  0x0800027b   Thumb Code     0  startup_stm32f40_41xxx.o(.text)
    DMA2_Stream0_IRQHandler                  0x0800027b   Thumb Code     0  startup_stm32f40_41xxx.o(.text)
    DMA2_Stream1_IRQHandler                  0x0800027b   Thumb Code     0  startup_stm32f40_41xxx.o(.text)
    DMA2_Stream2_IRQHandler                  0x0800027b   Thumb Code     0  startup_stm32f40_41xxx.o(.text)
    DMA2_Stream4_IRQHandler                  0x0800027b   Thumb Code     0  startup_stm32f40_41xxx.o(.text)
    DMA2_Stream5_IRQHandler                  0x0800027b   Thumb Code     0  startup_stm32f40_41xxx.o(.text)
    DMA2_Stream6_IRQHandler                  0x0800027b   Thumb Code     0  startup_stm32f40_41xxx.o(.text)
    DMA2_Stream7_IRQHandler                  0x0800027b   Thumb Code     0  startup_stm32f40_41xxx.o(.text)
    ETH_IRQHandler                           0x0800027b   Thumb Code     0  startup_stm32f40_41xxx.o(.text)
    ETH_WKUP_IRQHandler                      0x0800027b   Thumb Code     0  startup_stm32f40_41xxx.o(.text)
    EXTI0_IRQHandler                         0x0800027b   Thumb Code     0  startup_stm32f40_41xxx.o(.text)
    EXTI15_10_IRQHandler                     0x0800027b   Thumb Code     0  startup_stm32f40_41xxx.o(.text)
    EXTI1_IRQHandler                         0x0800027b   Thumb Code     0  startup_stm32f40_41xxx.o(.text)
    EXTI2_IRQHandler                         0x0800027b   Thumb Code     0  startup_stm32f40_41xxx.o(.text)
    EXTI3_IRQHandler                         0x0800027b   Thumb Code     0  startup_stm32f40_41xxx.o(.text)
    EXTI4_IRQHandler                         0x0800027b   Thumb Code     0  startup_stm32f40_41xxx.o(.text)
    EXTI9_5_IRQHandler                       0x0800027b   Thumb Code     0  startup_stm32f40_41xxx.o(.text)
    FLASH_IRQHandler                         0x0800027b   Thumb Code     0  startup_stm32f40_41xxx.o(.text)
    FPU_IRQHandler                           0x0800027b   Thumb Code     0  startup_stm32f40_41xxx.o(.text)
    FSMC_IRQHandler                          0x0800027b   Thumb Code     0  startup_stm32f40_41xxx.o(.text)
    HASH_RNG_IRQHandler                      0x0800027b   Thumb Code     0  startup_stm32f40_41xxx.o(.text)
    I2C1_ER_IRQHandler                       0x0800027b   Thumb Code     0  startup_stm32f40_41xxx.o(.text)
    I2C1_EV_IRQHandler                       0x0800027b   Thumb Code     0  startup_stm32f40_41xxx.o(.text)
    I2C2_ER_IRQHandler                       0x0800027b   Thumb Code     0  startup_stm32f40_41xxx.o(.text)
    I2C2_EV_IRQHandler                       0x0800027b   Thumb Code     0  startup_stm32f40_41xxx.o(.text)
    I2C3_ER_IRQHandler                       0x0800027b   Thumb Code     0  startup_stm32f40_41xxx.o(.text)
    I2C3_EV_IRQHandler                       0x0800027b   Thumb Code     0  startup_stm32f40_41xxx.o(.text)
    OTG_FS_IRQHandler                        0x0800027b   Thumb Code     0  startup_stm32f40_41xxx.o(.text)
    OTG_FS_WKUP_IRQHandler                   0x0800027b   Thumb Code     0  startup_stm32f40_41xxx.o(.text)
    OTG_HS_EP1_IN_IRQHandler                 0x0800027b   Thumb Code     0  startup_stm32f40_41xxx.o(.text)
    OTG_HS_EP1_OUT_IRQHandler                0x0800027b   Thumb Code     0  startup_stm32f40_41xxx.o(.text)
    OTG_HS_IRQHandler                        0x0800027b   Thumb Code     0  startup_stm32f40_41xxx.o(.text)
    OTG_HS_WKUP_IRQHandler                   0x0800027b   Thumb Code     0  startup_stm32f40_41xxx.o(.text)
    PVD_IRQHandler                           0x0800027b   Thumb Code     0  startup_stm32f40_41xxx.o(.text)
    RCC_IRQHandler                           0x0800027b   Thumb Code     0  startup_stm32f40_41xxx.o(.text)
    RTC_Alarm_IRQHandler                     0x0800027b   Thumb Code     0  startup_stm32f40_41xxx.o(.text)
    RTC_WKUP_IRQHandler                      0x0800027b   Thumb Code     0  startup_stm32f40_41xxx.o(.text)
    SDIO_IRQHandler                          0x0800027b   Thumb Code     0  startup_stm32f40_41xxx.o(.text)
    SPI1_IRQHandler                          0x0800027b   Thumb Code     0  startup_stm32f40_41xxx.o(.text)
    SPI2_IRQHandler                          0x0800027b   Thumb Code     0  startup_stm32f40_41xxx.o(.text)
    SPI3_IRQHandler                          0x0800027b   Thumb Code     0  startup_stm32f40_41xxx.o(.text)
    TAMP_STAMP_IRQHandler                    0x0800027b   Thumb Code     0  startup_stm32f40_41xxx.o(.text)
    TIM1_BRK_TIM9_IRQHandler                 0x0800027b   Thumb Code     0  startup_stm32f40_41xxx.o(.text)
    TIM1_CC_IRQHandler                       0x0800027b   Thumb Code     0  startup_stm32f40_41xxx.o(.text)
    TIM1_TRG_COM_TIM11_IRQHandler            0x0800027b   Thumb Code     0  startup_stm32f40_41xxx.o(.text)
    TIM1_UP_TIM10_IRQHandler                 0x0800027b   Thumb Code     0  startup_stm32f40_41xxx.o(.text)
    TIM2_IRQHandler                          0x0800027b   Thumb Code     0  startup_stm32f40_41xxx.o(.text)
    TIM3_IRQHandler                          0x0800027b   Thumb Code     0  startup_stm32f40_41xxx.o(.text)
    TIM4_IRQHandler                          0x0800027b   Thumb Code     0  startup_stm32f40_41xxx.o(.text)
    TIM5_IRQHandler                          0x0800027b   Thumb Code     0  startup_stm32f40_41xxx.o(.text)
    TIM6_DAC_IRQHandler                      0x0800027b   Thumb Code     0  startup_stm32f40_41xxx.o(.text)
    TIM7_IRQHandler                          0x0800027b   Thumb Code     0  startup_stm32f40_41xxx.o(.text)
    TIM8_BRK_TIM12_IRQHandler                0x0800027b   Thumb Code     0  startup_stm32f40_41xxx.o(.text)
    TIM8_CC_IRQHandler                       0x0800027b   Thumb Code     0  startup_stm32f40_41xxx.o(.text)
    TIM8_TRG_COM_TIM14_IRQHandler            0x0800027b   Thumb Code     0  startup_stm32f40_41xxx.o(.text)
    TIM8_UP_TIM13_IRQHandler                 0x0800027b   Thumb Code     0  startup_stm32f40_41xxx.o(.text)
    UART4_IRQHandler                         0x0800027b   Thumb Code     0  startup_stm32f40_41xxx.o(.text)
    UART5_IRQHandler                         0x0800027b   Thumb Code     0  startup_stm32f40_41xxx.o(.text)
    USART1_IRQHandler                        0x0800027b   Thumb Code     0  startup_stm32f40_41xxx.o(.text)
    USART2_IRQHandler                        0x0800027b   Thumb Code     0  startup_stm32f40_41xxx.o(.text)
    USART3_IRQHandler                        0x0800027b   Thumb Code     0  startup_stm32f40_41xxx.o(.text)
    USART6_IRQHandler                        0x0800027b   Thumb Code     0  startup_stm32f40_41xxx.o(.text)
    WWDG_IRQHandler                          0x0800027b   Thumb Code     0  startup_stm32f40_41xxx.o(.text)
    __aeabi_memcpy                           0x08000285   Thumb Code    36  memcpya.o(.text)
    __aeabi_memcpy4                          0x08000285   Thumb Code     0  memcpya.o(.text)
    __aeabi_memcpy8                          0x08000285   Thumb Code     0  memcpya.o(.text)
    __aeabi_memset                           0x080002a9   Thumb Code    14  memseta.o(.text)
    __aeabi_memset4                          0x080002a9   Thumb Code     0  memseta.o(.text)
    __aeabi_memset8                          0x080002a9   Thumb Code     0  memseta.o(.text)
    __aeabi_memclr                           0x080002b7   Thumb Code     4  memseta.o(.text)
    __aeabi_memclr4                          0x080002b7   Thumb Code     0  memseta.o(.text)
    __aeabi_memclr8                          0x080002b7   Thumb Code     0  memseta.o(.text)
    memset                                   0x080002bb   Thumb Code    18  memseta.o(.text)
    __aeabi_uidiv                            0x080002cd   Thumb Code     0  uidiv.o(.text)
    __aeabi_uidivmod                         0x080002cd   Thumb Code    44  uidiv.o(.text)
    __scatterload                            0x080002f9   Thumb Code    28  init.o(.text)
    __scatterload_rt2                        0x080002f9   Thumb Code     0  init.o(.text)
    BusFault_Handler                         0x0800031d   Thumb Code     4  stm32f4xx_it.o(i.BusFault_Handler)
    DMA2_Stream3_IRQHandler                  0x08000321   Thumb Code    48  lcd_spi.o(i.DMA2_Stream3_IRQHandler)
    DMA_ClearITPendingBit                    0x08000361   Thumb Code    38  stm32f4xx_dma.o(i.DMA_ClearITPendingBit)
    DMA_Cmd                                  0x08000395   Thumb Code    22  stm32f4xx_dma.o(i.DMA_Cmd)
    DMA_GetITStatus                          0x080003ad   Thumb Code    82  stm32f4xx_dma.o(i.DMA_GetITStatus)
    DMA_ITConfig                             0x08000411   Thumb Code    58  stm32f4xx_dma.o(i.DMA_ITConfig)
    DMA_Init                                 0x0800044d   Thumb Code    82  stm32f4xx_dma.o(i.DMA_Init)
    DebugMon_Handler                         0x080004a5   Thumb Code     2  stm32f4xx_it.o(i.DebugMon_Handler)
    GPIO_Init                                0x080004a7   Thumb Code   144  stm32f4xx_gpio.o(i.GPIO_Init)
    GPIO_PinAFConfig                         0x08000537   Thumb Code    70  stm32f4xx_gpio.o(i.GPIO_PinAFConfig)
    GPIO_ReadInputDataBit                    0x0800057d   Thumb Code    18  stm32f4xx_gpio.o(i.GPIO_ReadInputDataBit)
    GPIO_WriteBit                            0x0800058f   Thumb Code    10  stm32f4xx_gpio.o(i.GPIO_WriteBit)
    HardFault_Handler                        0x08000599   Thumb Code     4  stm32f4xx_it.o(i.HardFault_Handler)
    MemManage_Handler                        0x0800059d   Thumb Code     4  stm32f4xx_it.o(i.MemManage_Handler)
    NMI_Handler                              0x080005a1   Thumb Code     2  stm32f4xx_it.o(i.NMI_Handler)
    NVIC_Init                                0x080005a5   Thumb Code   106  misc.o(i.NVIC_Init)
    NVIC_PriorityGroupConfig                 0x0800061d   Thumb Code    10  misc.o(i.NVIC_PriorityGroupConfig)
    RCC_AHB1PeriphClockCmd                   0x08000631   Thumb Code    26  stm32f4xx_rcc.o(i.RCC_AHB1PeriphClockCmd)
    RCC_APB2PeriphClockCmd                   0x08000651   Thumb Code    26  stm32f4xx_rcc.o(i.RCC_APB2PeriphClockCmd)
    RCC_GetClocksFreq                        0x08000671   Thumb Code   214  stm32f4xx_rcc.o(i.RCC_GetClocksFreq)
    SPI_Cmd                                  0x08000759   Thumb Code    24  stm32f4xx_spi.o(i.SPI_Cmd)
    SPI_I2S_DMACmd                           0x08000771   Thumb Code    18  stm32f4xx_spi.o(i.SPI_I2S_DMACmd)
    SPI_I2S_GetFlagStatus                    0x08000783   Thumb Code    18  stm32f4xx_spi.o(i.SPI_I2S_GetFlagStatus)
    SPI_I2S_SendData                         0x08000795   Thumb Code     4  stm32f4xx_spi.o(i.SPI_I2S_SendData)
    SPI_Init                                 0x08000799   Thumb Code    60  stm32f4xx_spi.o(i.SPI_Init)
    SysTick_CLKSourceConfig                  0x080008c1   Thumb Code    40  misc.o(i.SysTick_CLKSourceConfig)
    SysTick_Handler                          0x080008e9   Thumb Code    46  port.o(i.SysTick_Handler)
    SystemInit                               0x0800091d   Thumb Code    88  system_stm32f4xx.o(i.SystemInit)
    USART_Cmd                                0x08000985   Thumb Code    24  stm32f4xx_usart.o(i.USART_Cmd)
    USART_GetFlagStatus                      0x0800099d   Thumb Code    26  stm32f4xx_usart.o(i.USART_GetFlagStatus)
    USART_Init                               0x080009b9   Thumb Code   204  stm32f4xx_usart.o(i.USART_Init)
    USART_SendData                           0x08000a8d   Thumb Code     8  stm32f4xx_usart.o(i.USART_SendData)
    UsageFault_Handler                       0x08000a95   Thumb Code     4  stm32f4xx_it.o(i.UsageFault_Handler)
    __0printf$1                              0x08000a99   Thumb Code    22  printf1.o(i.__0printf$1)
    __1printf$1                              0x08000a99   Thumb Code     0  printf1.o(i.__0printf$1)
    __2printf                                0x08000a99   Thumb Code     0  printf1.o(i.__0printf$1)
    __scatterload_copy                       0x08000ab9   Thumb Code    14  handlers.o(i.__scatterload_copy)
    __scatterload_null                       0x08000ac7   Thumb Code     2  handlers.o(i.__scatterload_null)
    __scatterload_zeroinit                   0x08000ac9   Thumb Code    14  handlers.o(i.__scatterload_zeroinit)
    board_low_level_init                     0x08000c2d   Thumb Code    76  board.o(i.board_low_level_init)
    delay_init                               0x08000c79   Thumb Code    40  delay.o(i.delay_init)
    delay_ms                                 0x08000cb1   Thumb Code    24  delay.o(i.delay_ms)
    delay_us                                 0x08000cc9   Thumb Code    68  delay.o(i.delay_us)
    fputc                                    0x08000d11   Thumb Code    32  printf.o(i.fputc)
    lcd_spi_dma_write                        0x08000d35   Thumb Code    92  lcd_spi.o(i.lcd_spi_dma_write)
    lcd_spi_init                             0x08000d99   Thumb Code    16  lcd_spi.o(i.lcd_spi_init)
    lcd_spi_send_finish_register             0x08000e91   Thumb Code     6  lcd_spi.o(i.lcd_spi_send_finish_register)
    lcd_spi_write                            0x08000e9d   Thumb Code    56  lcd_spi.o(i.lcd_spi_write)
    led_init                                 0x08000ed9   Thumb Code    50  led.o(i.led_init)
    led_off                                  0x08000f0b   Thumb Code    16  led.o(i.led_off)
    led_on                                   0x08000f1b   Thumb Code    16  led.o(i.led_on)
    led_toggle                               0x08000f2b   Thumb Code    30  led.o(i.led_toggle)
    main                                     0x08000f49   Thumb Code   130  main.o(i.main)
    pvPortMalloc                             0x080019d1   Thumb Code   338  heap_4.o(i.pvPortMalloc)
    pxPortInitialiseStack                    0x08001b3d   Thumb Code    38  port.o(i.pxPortInitialiseStack)
    st7735_fill_rect                         0x08001bb5   Thumb Code   212  st7735.o(i.st7735_fill_rect)
    st7735_fill_screen                       0x08001c8d   Thumb Code    20  st7735.o(i.st7735_fill_screen)
    st7735_init                              0x08001cd9   Thumb Code    46  st7735.o(i.st7735_init)
    st7735_reset                             0x08001d71   Thumb Code    36  st7735.o(i.st7735_reset)
    st7735_select                            0x08001d99   Thumb Code    14  st7735.o(i.st7735_select)
    st7735_unselect                          0x08001e01   Thumb Code    14  st7735.o(i.st7735_unselect)
    st7735_write_char                        0x08001e15   Thumb Code   188  st7735.o(i.st7735_write_char)
    st7735_write_string                      0x08001f25   Thumb Code    92  st7735.o(i.st7735_write_string)
    task1                                    0x08001f81   Thumb Code    82  main.o(i.task1)
    task2                                    0x08002009   Thumb Code    32  main.o(i.task2)
    usart_init                               0x0800203d   Thumb Code    12  console_usart.o(i.usart_init)
    uxListRemove                             0x080020c5   Thumb Code    40  list.o(i.uxListRemove)
    vListInitialise                          0x080020ed   Thumb Code    26  list.o(i.vListInitialise)
    vListInitialiseItem                      0x08002107   Thumb Code     6  list.o(i.vListInitialiseItem)
    vListInsert                              0x0800210d   Thumb Code    52  list.o(i.vListInsert)
    vListInsertEnd                           0x08002141   Thumb Code    24  list.o(i.vListInsertEnd)
    vPortEnterCritical                       0x08002159   Thumb Code    76  port.o(i.vPortEnterCritical)
    vPortExitCritical                        0x080021ad   Thumb Code    56  port.o(i.vPortExitCritical)
    vPortFree                                0x080021e9   Thumb Code   150  heap_4.o(i.vPortFree)
    vPortSetupTimerInterrupt                 0x0800228d   Thumb Code    36  port.o(i.vPortSetupTimerInterrupt)
    vPortValidateInterruptPriority           0x080022b5   Thumb Code   106  port.o(i.vPortValidateInterruptPriority)
    vQueueAddToRegistry                      0x0800232d   Thumb Code    38  queue.o(i.vQueueAddToRegistry)
    vQueueWaitForMessageRestricted           0x08002359   Thumb Code    74  queue.o(i.vQueueWaitForMessageRestricted)
    vTaskDelay                               0x080023a5   Thumb Code    82  tasks.o(i.vTaskDelay)
    vTaskInternalSetTimeOutState             0x08002401   Thumb Code    14  tasks.o(i.vTaskInternalSetTimeOutState)
    vTaskMissedYield                         0x08002419   Thumb Code     8  tasks.o(i.vTaskMissedYield)
    vTaskPlaceOnEventList                    0x08002425   Thumb Code    52  tasks.o(i.vTaskPlaceOnEventList)
    vTaskPlaceOnEventListRestricted          0x0800245d   Thumb Code    60  tasks.o(i.vTaskPlaceOnEventListRestricted)
    vTaskStartScheduler                      0x0800249d   Thumb Code   122  tasks.o(i.vTaskStartScheduler)
    vTaskSuspendAll                          0x08002539   Thumb Code    12  tasks.o(i.vTaskSuspendAll)
    vTaskSwitchContext                       0x08002549   Thumb Code   118  tasks.o(i.vTaskSwitchContext)
    xPortStartScheduler                      0x080025d5   Thumb Code   330  port.o(i.xPortStartScheduler)
    xQueueGenericCreate                      0x0800273d   Thumb Code   162  queue.o(i.xQueueGenericCreate)
    xQueueGenericReset                       0x080027e1   Thumb Code   146  queue.o(i.xQueueGenericReset)
    xQueueGenericSend                        0x08002879   Thumb Code   420  queue.o(i.xQueueGenericSend)
    xQueueGenericSendFromISR                 0x08002a21   Thumb Code   288  queue.o(i.xQueueGenericSendFromISR)
    xQueueReceive                            0x08002b41   Thumb Code   356  queue.o(i.xQueueReceive)
    xTaskCheckForTimeOut                     0x08002ca9   Thumb Code   136  tasks.o(i.xTaskCheckForTimeOut)
    xTaskCreate                              0x08002d39   Thumb Code    96  tasks.o(i.xTaskCreate)
    xTaskGetSchedulerState                   0x08002d99   Thumb Code    24  tasks.o(i.xTaskGetSchedulerState)
    xTaskGetTickCount                        0x08002db9   Thumb Code     6  tasks.o(i.xTaskGetTickCount)
    xTaskIncrementTick                       0x08002dc5   Thumb Code   282  tasks.o(i.xTaskIncrementTick)
    xTaskPriorityDisinherit                  0x08002f0d   Thumb Code   174  tasks.o(i.xTaskPriorityDisinherit)
    xTaskRemoveFromEventList                 0x08002fc9   Thumb Code   128  tasks.o(i.xTaskRemoveFromEventList)
    xTaskResumeAll                           0x08003061   Thumb Code   224  tasks.o(i.xTaskResumeAll)
    xTimerCreateTimerTask                    0x08003165   Thumb Code    66  timers.o(i.xTimerCreateTimerTask)
    xTimerGenericCommand                     0x080031bd   Thumb Code   126  timers.o(i.xTimerGenericCommand)
    led0                                     0x08003240   Data          24  board.o(.constdata)
    led1                                     0x08003258   Data          24  board.o(.constdata)
    led2                                     0x08003270   Data          24  board.o(.constdata)
    Region$$Table$$Base                      0x08003998   Number         0  anon$$obj.o(Region$$Table)
    Region$$Table$$Limit                     0x080039b8   Number         0  anon$$obj.o(Region$$Table)
    fac_us                                   0x20000000   Data           4  delay.o(.data)
    fac_ms                                   0x20000004   Data           4  delay.o(.data)
    st_font_ascii_8x16                       0x20000010   Data          12  stfonts.o(.data)
    st_font_temper_8x16                      0x2000001c   Data          12  stfonts.o(.data)
    self_font_temper_16x32                   0x20000028   Data          12  stfonts.o(.data)
    SystemCoreClock                          0x20000034   Data           4  system_stm32f4xx.o(.data)
    AHBPrescTable                            0x20000038   Data          16  system_stm32f4xx.o(.data)
    pxCurrentTCB                             0x20000058   Data           4  tasks.o(.data)
    uxTopUsedPriority                        0x20000090   Data           4  tasks.o(.data)
    __stdout                                 0x200000d8   Data           4  stdout.o(.data)
    xQueueRegistry                           0x200010dc   Data          64  queue.o(.bss)
    __initial_sp                             0x20008e70   Data           0  startup_stm32f40_41xxx.o(STACK)



==============================================================================

Memory Map of the image

  Image Entry point : 0x08000189

  Load Region LR_IROM1 (Base: 0x08000000, Size: 0x00003a94, Max: 0x00080000, ABSOLUTE)

    Execution Region ER_IROM1 (Exec base: 0x08000000, Load base: 0x08000000, Size: 0x000039b8, Max: 0x00080000, ABSOLUTE)

    Exec Addr    Load Addr    Size         Type   Attr      Idx    E Section Name        Object

    0x08000000   0x08000000   0x00000188   Data   RO          646    RESET               startup_stm32f40_41xxx.o
    0x08000188   0x08000188   0x00000000   Code   RO         6574  * .ARM.Collect$$$$00000000  mc_w.l(entry.o)
    0x08000188   0x08000188   0x00000004   Code   RO         6846    .ARM.Collect$$$$00000001  mc_w.l(entry2.o)
    0x0800018c   0x0800018c   0x00000004   Code   RO         6849    .ARM.Collect$$$$00000004  mc_w.l(entry5.o)
    0x08000190   0x08000190   0x00000000   Code   RO         6851    .ARM.Collect$$$$00000008  mc_w.l(entry7b.o)
    0x08000190   0x08000190   0x00000000   Code   RO         6853    .ARM.Collect$$$$0000000A  mc_w.l(entry8b.o)
    0x08000190   0x08000190   0x00000008   Code   RO         6854    .ARM.Collect$$$$0000000B  mc_w.l(entry9a.o)
    0x08000198   0x08000198   0x00000004   Code   RO         6861    .ARM.Collect$$$$0000000E  mc_w.l(entry12b.o)
    0x0800019c   0x0800019c   0x00000000   Code   RO         6856    .ARM.Collect$$$$0000000F  mc_w.l(entry10a.o)
    0x0800019c   0x0800019c   0x00000000   Code   RO         6858    .ARM.Collect$$$$00000011  mc_w.l(entry11a.o)
    0x0800019c   0x0800019c   0x00000004   Code   RO         6847    .ARM.Collect$$$$00002712  mc_w.l(entry2.o)
    0x080001a0   0x080001a0   0x000000be   Code   RO         6497    .emb_text           port.o
    0x0800025e   0x0800025e   0x00000002   PAD
    0x08000260   0x08000260   0x00000024   Code   RO          647    .text               startup_stm32f40_41xxx.o
    0x08000284   0x08000284   0x00000024   Code   RO         6577    .text               mc_w.l(memcpya.o)
    0x080002a8   0x080002a8   0x00000024   Code   RO         6581    .text               mc_w.l(memseta.o)
    0x080002cc   0x080002cc   0x0000002c   Code   RO         6863    .text               mc_w.l(uidiv.o)
    0x080002f8   0x080002f8   0x00000024   Code   RO         6878    .text               mc_w.l(init.o)
    0x0800031c   0x0800031c   0x00000004   Code   RO          593    i.BusFault_Handler  stm32f4xx_it.o
    0x08000320   0x08000320   0x00000040   Code   RO          363    i.DMA2_Stream3_IRQHandler  lcd_spi.o
    0x08000360   0x08000360   0x00000034   Code   RO         1641    i.DMA_ClearITPendingBit  stm32f4xx_dma.o
    0x08000394   0x08000394   0x00000016   Code   RO         1642    i.DMA_Cmd           stm32f4xx_dma.o
    0x080003aa   0x080003aa   0x00000002   PAD
    0x080003ac   0x080003ac   0x00000064   Code   RO         1652    i.DMA_GetITStatus   stm32f4xx_dma.o
    0x08000410   0x08000410   0x0000003a   Code   RO         1653    i.DMA_ITConfig      stm32f4xx_dma.o
    0x0800044a   0x0800044a   0x00000002   PAD
    0x0800044c   0x0800044c   0x00000058   Code   RO         1654    i.DMA_Init          stm32f4xx_dma.o
    0x080004a4   0x080004a4   0x00000002   Code   RO          594    i.DebugMon_Handler  stm32f4xx_it.o
    0x080004a6   0x080004a6   0x00000090   Code   RO         2376    i.GPIO_Init         stm32f4xx_gpio.o
    0x08000536   0x08000536   0x00000046   Code   RO         2377    i.GPIO_PinAFConfig  stm32f4xx_gpio.o
    0x0800057c   0x0800057c   0x00000012   Code   RO         2380    i.GPIO_ReadInputDataBit  stm32f4xx_gpio.o
    0x0800058e   0x0800058e   0x0000000a   Code   RO         2388    i.GPIO_WriteBit     stm32f4xx_gpio.o
    0x08000598   0x08000598   0x00000004   Code   RO          595    i.HardFault_Handler  stm32f4xx_it.o
    0x0800059c   0x0800059c   0x00000004   Code   RO          596    i.MemManage_Handler  stm32f4xx_it.o
    0x080005a0   0x080005a0   0x00000002   Code   RO          597    i.NMI_Handler       stm32f4xx_it.o
    0x080005a2   0x080005a2   0x00000002   PAD
    0x080005a4   0x080005a4   0x00000078   Code   RO          653    i.NVIC_Init         misc.o
    0x0800061c   0x0800061c   0x00000014   Code   RO          654    i.NVIC_PriorityGroupConfig  misc.o
    0x08000630   0x08000630   0x00000020   Code   RO         3240    i.RCC_AHB1PeriphClockCmd  stm32f4xx_rcc.o
    0x08000650   0x08000650   0x00000020   Code   RO         3252    i.RCC_APB2PeriphClockCmd  stm32f4xx_rcc.o
    0x08000670   0x08000670   0x000000e8   Code   RO         3261    i.RCC_GetClocksFreq  stm32f4xx_rcc.o
    0x08000758   0x08000758   0x00000018   Code   RO         4357    i.SPI_Cmd           stm32f4xx_spi.o
    0x08000770   0x08000770   0x00000012   Code   RO         4363    i.SPI_I2S_DMACmd    stm32f4xx_spi.o
    0x08000782   0x08000782   0x00000012   Code   RO         4365    i.SPI_I2S_GetFlagStatus  stm32f4xx_spi.o
    0x08000794   0x08000794   0x00000004   Code   RO         4369    i.SPI_I2S_SendData  stm32f4xx_spi.o
    0x08000798   0x08000798   0x0000003c   Code   RO         4370    i.SPI_Init          stm32f4xx_spi.o
    0x080007d4   0x080007d4   0x000000ec   Code   RO          556    i.SetSysClock       system_stm32f4xx.o
    0x080008c0   0x080008c0   0x00000028   Code   RO          657    i.SysTick_CLKSourceConfig  misc.o
    0x080008e8   0x080008e8   0x00000034   Code   RO         6498    i.SysTick_Handler   port.o
    0x0800091c   0x0800091c   0x00000068   Code   RO          558    i.SystemInit        system_stm32f4xx.o
    0x08000984   0x08000984   0x00000018   Code   RO         5137    i.USART_Cmd         stm32f4xx_usart.o
    0x0800099c   0x0800099c   0x0000001a   Code   RO         5140    i.USART_GetFlagStatus  stm32f4xx_usart.o
    0x080009b6   0x080009b6   0x00000002   PAD
    0x080009b8   0x080009b8   0x000000d4   Code   RO         5144    i.USART_Init        stm32f4xx_usart.o
    0x08000a8c   0x08000a8c   0x00000008   Code   RO         5154    i.USART_SendData    stm32f4xx_usart.o
    0x08000a94   0x08000a94   0x00000004   Code   RO          598    i.UsageFault_Handler  stm32f4xx_it.o
    0x08000a98   0x08000a98   0x00000020   Code   RO         6630    i.__0printf$1       mc_w.l(printf1.o)
    0x08000ab8   0x08000ab8   0x0000000e   Code   RO         6890    i.__scatterload_copy  mc_w.l(handlers.o)
    0x08000ac6   0x08000ac6   0x00000002   Code   RO         6891    i.__scatterload_null  mc_w.l(handlers.o)
    0x08000ac8   0x08000ac8   0x0000000e   Code   RO         6892    i.__scatterload_zeroinit  mc_w.l(handlers.o)
    0x08000ad6   0x08000ad6   0x00000002   PAD
    0x08000ad8   0x08000ad8   0x00000154   Code   RO         6637    i._printf_core      mc_w.l(printf1.o)
    0x08000c2c   0x08000c2c   0x0000004c   Code   RO          205    i.board_low_level_init  board.o
    0x08000c78   0x08000c78   0x00000038   Code   RO          251    i.delay_init        delay.o
    0x08000cb0   0x08000cb0   0x00000018   Code   RO          252    i.delay_ms          delay.o
    0x08000cc8   0x08000cc8   0x00000048   Code   RO          253    i.delay_us          delay.o
    0x08000d10   0x08000d10   0x00000024   Code   RO          231    i.fputc             printf.o
    0x08000d34   0x08000d34   0x00000064   Code   RO          364    i.lcd_spi_dma_write  lcd_spi.o
    0x08000d98   0x08000d98   0x00000010   Code   RO          365    i.lcd_spi_init      lcd_spi.o
    0x08000da8   0x08000da8   0x00000064   Code   RO          366    i.lcd_spi_io_init   lcd_spi.o
    0x08000e0c   0x08000e0c   0x00000060   Code   RO          367    i.lcd_spi_lowlevel_init  lcd_spi.o
    0x08000e6c   0x08000e6c   0x00000022   Code   RO          368    i.lcd_spi_nvic_init  lcd_spi.o
    0x08000e8e   0x08000e8e   0x00000002   PAD
    0x08000e90   0x08000e90   0x0000000c   Code   RO          369    i.lcd_spi_send_finish_register  lcd_spi.o
    0x08000e9c   0x08000e9c   0x0000003c   Code   RO          370    i.lcd_spi_write     lcd_spi.o
    0x08000ed8   0x08000ed8   0x00000032   Code   RO          287    i.led_init          led.o
    0x08000f0a   0x08000f0a   0x00000010   Code   RO          288    i.led_off           led.o
    0x08000f1a   0x08000f1a   0x00000010   Code   RO          289    i.led_on            led.o
    0x08000f2a   0x08000f2a   0x0000001e   Code   RO          290    i.led_toggle        led.o
    0x08000f48   0x08000f48   0x000000c4   Code   RO            3    i.main              main.o
    0x0800100c   0x0800100c   0x00000098   Code   RO         5918    i.prvAddCurrentTaskToDelayedList  tasks.o
    0x080010a4   0x080010a4   0x000000b8   Code   RO         5919    i.prvAddNewTaskToReadyList  tasks.o
    0x0800115c   0x0800115c   0x00000064   Code   RO         6282    i.prvCheckForValidListAndQueue  timers.o
    0x080011c0   0x080011c0   0x00000048   Code   RO         5920    i.prvCheckTasksWaitingTermination  tasks.o
    0x08001208   0x08001208   0x0000002a   Code   RO         5544    i.prvCopyDataFromQueue  queue.o
    0x08001232   0x08001232   0x0000007e   Code   RO         5545    i.prvCopyDataToQueue  queue.o
    0x080012b0   0x080012b0   0x00000012   Code   RO         5921    i.prvDeleteTCB      tasks.o
    0x080012c2   0x080012c2   0x00000002   PAD
    0x080012c4   0x080012c4   0x00000028   Code   RO         6283    i.prvGetNextExpireTime  timers.o
    0x080012ec   0x080012ec   0x0000007c   Code   RO         6442    i.prvHeapInit       heap_4.o
    0x08001368   0x08001368   0x00000028   Code   RO         5922    i.prvIdleTask       tasks.o
    0x08001390   0x08001390   0x0000002a   Code   RO         5548    i.prvInitialiseNewQueue  queue.o
    0x080013ba   0x080013ba   0x000000be   Code   RO         5923    i.prvInitialiseNewTask  tasks.o
    0x08001478   0x08001478   0x00000068   Code   RO         5924    i.prvInitialiseTaskLists  tasks.o
    0x080014e0   0x080014e0   0x00000068   Code   RO         6443    i.prvInsertBlockIntoFreeList  heap_4.o
    0x08001548   0x08001548   0x00000058   Code   RO         6285    i.prvInsertTimerInActiveList  timers.o
    0x080015a0   0x080015a0   0x0000001a   Code   RO         5549    i.prvIsQueueEmpty   queue.o
    0x080015ba   0x080015ba   0x0000001e   Code   RO         5550    i.prvIsQueueFull    queue.o
    0x080015d8   0x080015d8   0x00000074   Code   RO         6286    i.prvProcessExpiredTimer  timers.o
    0x0800164c   0x0800164c   0x00000138   Code   RO         6287    i.prvProcessReceivedCommands  timers.o
    0x08001784   0x08001784   0x00000074   Code   RO         6288    i.prvProcessTimerOrBlockTask  timers.o
    0x080017f8   0x080017f8   0x00000030   Code   RO         5926    i.prvResetNextTaskUnblockTime  tasks.o
    0x08001828   0x08001828   0x0000002c   Code   RO         6289    i.prvSampleTimeNow  timers.o
    0x08001854   0x08001854   0x000000a4   Code   RO         6290    i.prvSwitchTimerLists  timers.o
    0x080018f8   0x080018f8   0x00000040   Code   RO         6499    i.prvTaskExitError  port.o
    0x08001938   0x08001938   0x0000001a   Code   RO         6291    i.prvTimerTask      timers.o
    0x08001952   0x08001952   0x0000007e   Code   RO         5551    i.prvUnlockQueue    queue.o
    0x080019d0   0x080019d0   0x0000016c   Code   RO         6444    i.pvPortMalloc      heap_4.o
    0x08001b3c   0x08001b3c   0x0000002c   Code   RO         6500    i.pxPortInitialiseStack  port.o
    0x08001b68   0x08001b68   0x0000000c   Code   RO          424    i.spi_on_async_finish  st7735.o
    0x08001b74   0x08001b74   0x00000040   Code   RO          426    i.st7735_exec_cmds  st7735.o
    0x08001bb4   0x08001bb4   0x000000d8   Code   RO          427    i.st7735_fill_rect  st7735.o
    0x08001c8c   0x08001c8c   0x00000014   Code   RO          428    i.st7735_fill_screen  st7735.o
    0x08001ca0   0x08001ca0   0x00000038   Code   RO          429    i.st7735_find_font  st7735.o
    0x08001cd8   0x08001cd8   0x0000003c   Code   RO          430    i.st7735_init       st7735.o
    0x08001d14   0x08001d14   0x0000005c   Code   RO          431    i.st7735_pin_init   st7735.o
    0x08001d70   0x08001d70   0x00000028   Code   RO          432    i.st7735_reset      st7735.o
    0x08001d98   0x08001d98   0x00000014   Code   RO          433    i.st7735_select     st7735.o
    0x08001dac   0x08001dac   0x00000052   Code   RO          434    i.st7735_set_window  st7735.o
    0x08001dfe   0x08001dfe   0x00000002   PAD
    0x08001e00   0x08001e00   0x00000014   Code   RO          435    i.st7735_unselect   st7735.o
    0x08001e14   0x08001e14   0x000000c0   Code   RO          436    i.st7735_write_char  st7735.o
    0x08001ed4   0x08001ed4   0x0000001c   Code   RO          437    i.st7735_write_cmd  st7735.o
    0x08001ef0   0x08001ef0   0x00000034   Code   RO          438    i.st7735_write_data  st7735.o
    0x08001f24   0x08001f24   0x0000005c   Code   RO          439    i.st7735_write_string  st7735.o
    0x08001f80   0x08001f80   0x00000088   Code   RO            4    i.task1             main.o
    0x08002008   0x08002008   0x00000034   Code   RO            5    i.task2             main.o
    0x0800203c   0x0800203c   0x0000000c   Code   RO          333    i.usart_init        console_usart.o
    0x08002048   0x08002048   0x00000044   Code   RO          334    i.usart_io_init     console_usart.o
    0x0800208c   0x0800208c   0x00000038   Code   RO          335    i.usart_lowlevel_init  console_usart.o
    0x080020c4   0x080020c4   0x00000028   Code   RO         5504    i.uxListRemove      list.o
    0x080020ec   0x080020ec   0x0000001a   Code   RO         5505    i.vListInitialise   list.o
    0x08002106   0x08002106   0x00000006   Code   RO         5506    i.vListInitialiseItem  list.o
    0x0800210c   0x0800210c   0x00000034   Code   RO         5507    i.vListInsert       list.o
    0x08002140   0x08002140   0x00000018   Code   RO         5508    i.vListInsertEnd    list.o
    0x08002158   0x08002158   0x00000054   Code   RO         6502    i.vPortEnterCritical  port.o
    0x080021ac   0x080021ac   0x0000003c   Code   RO         6503    i.vPortExitCritical  port.o
    0x080021e8   0x080021e8   0x000000a4   Code   RO         6445    i.vPortFree         heap_4.o
    0x0800228c   0x0800228c   0x00000028   Code   RO         6504    i.vPortSetupTimerInterrupt  port.o
    0x080022b4   0x080022b4   0x00000078   Code   RO         6505    i.vPortValidateInterruptPriority  port.o
    0x0800232c   0x0800232c   0x0000002c   Code   RO         5557    i.vQueueAddToRegistry  queue.o
    0x08002358   0x08002358   0x0000004a   Code   RO         5561    i.vQueueWaitForMessageRestricted  queue.o
    0x080023a2   0x080023a2   0x00000002   PAD
    0x080023a4   0x080023a4   0x0000005c   Code   RO         5938    i.vTaskDelay        tasks.o
    0x08002400   0x08002400   0x00000018   Code   RO         5943    i.vTaskInternalSetTimeOutState  tasks.o
    0x08002418   0x08002418   0x0000000c   Code   RO         5944    i.vTaskMissedYield  tasks.o
    0x08002424   0x08002424   0x00000038   Code   RO         5945    i.vTaskPlaceOnEventList  tasks.o
    0x0800245c   0x0800245c   0x00000040   Code   RO         5946    i.vTaskPlaceOnEventListRestricted  tasks.o
    0x0800249c   0x0800249c   0x0000009c   Code   RO         5954    i.vTaskStartScheduler  tasks.o
    0x08002538   0x08002538   0x00000010   Code   RO         5956    i.vTaskSuspendAll   tasks.o
    0x08002548   0x08002548   0x0000008c   Code   RO         5957    i.vTaskSwitchContext  tasks.o
    0x080025d4   0x080025d4   0x00000168   Code   RO         6506    i.xPortStartScheduler  port.o
    0x0800273c   0x0800273c   0x000000a2   Code   RO         5564    i.xQueueGenericCreate  queue.o
    0x080027de   0x080027de   0x00000002   PAD
    0x080027e0   0x080027e0   0x00000098   Code   RO         5565    i.xQueueGenericReset  queue.o
    0x08002878   0x08002878   0x000001a8   Code   RO         5566    i.xQueueGenericSend  queue.o
    0x08002a20   0x08002a20   0x00000120   Code   RO         5567    i.xQueueGenericSendFromISR  queue.o
    0x08002b40   0x08002b40   0x00000168   Code   RO         5574    i.xQueueReceive     queue.o
    0x08002ca8   0x08002ca8   0x00000090   Code   RO         5959    i.xTaskCheckForTimeOut  tasks.o
    0x08002d38   0x08002d38   0x00000060   Code   RO         5960    i.xTaskCreate       tasks.o
    0x08002d98   0x08002d98   0x00000020   Code   RO         5967    i.xTaskGetSchedulerState  tasks.o
    0x08002db8   0x08002db8   0x0000000c   Code   RO         5968    i.xTaskGetTickCount  tasks.o
    0x08002dc4   0x08002dc4   0x00000148   Code   RO         5970    i.xTaskIncrementTick  tasks.o
    0x08002f0c   0x08002f0c   0x000000bc   Code   RO         5971    i.xTaskPriorityDisinherit  tasks.o
    0x08002fc8   0x08002fc8   0x00000098   Code   RO         5973    i.xTaskRemoveFromEventList  tasks.o
    0x08003060   0x08003060   0x00000104   Code   RO         5974    i.xTaskResumeAll    tasks.o
    0x08003164   0x08003164   0x00000058   Code   RO         6299    i.xTimerCreateTimerTask  timers.o
    0x080031bc   0x080031bc   0x00000084   Code   RO         6300    i.xTimerGenericCommand  timers.o
    0x08003240   0x08003240   0x00000048   Data   RO          206    .constdata          board.o
    0x08003288   0x08003288   0x0000006d   Data   RO          441    .constdata          st7735.o
    0x080032f5   0x080032f5   0x000006a1   Data   RO          534    .constdata          stfonts.o
    0x08003996   0x08003996   0x00000002   PAD
    0x08003998   0x08003998   0x00000020   Data   RO         6888    Region$$Table       anon$$obj.o


    Execution Region RW_IRAM1 (Exec base: 0x20000000, Load base: 0x080039b8, Size: 0x00008e70, Max: 0x00020000, ABSOLUTE)

    Exec Addr    Load Addr    Size         Type   Attr      Idx    E Section Name        Object

    0x20000000   0x080039b8   0x00000008   Data   RW          254    .data               delay.o
    0x20000008   0x080039c0   0x00000004   Data   RW          371    .data               lcd_spi.o
    0x2000000c   0x080039c4   0x00000001   Data   RW          442    .data               st7735.o
    0x2000000d   0x080039c5   0x00000003   PAD
    0x20000010   0x080039c8   0x00000024   Data   RW          535    .data               stfonts.o
    0x20000034   0x080039ec   0x00000014   Data   RW          559    .data               system_stm32f4xx.o
    0x20000048   0x08003a00   0x00000010   Data   RW         3293    .data               stm32f4xx_rcc.o
    0x20000058   0x08003a10   0x00000040   Data   RW         5977    .data               tasks.o
    0x20000098   0x08003a50   0x00000014   Data   RW         6306    .data               timers.o
    0x200000ac   0x08003a64   0x00000020   Data   RW         6451    .data               heap_4.o
    0x200000cc   0x08003a84   0x0000000c   Data   RW         6507    .data               port.o
    0x200000d8   0x08003a90   0x00000004   Data   RW         6862    .data               mc_w.l(stdout.o)
    0x200000dc        -       0x00001000   Zero   RW          440    .bss                st7735.o
    0x200010dc        -       0x00000040   Zero   RW         5578    .bss                queue.o
    0x2000111c        -       0x0000012c   Zero   RW         5976    .bss                tasks.o
    0x20001248        -       0x00000028   Zero   RW         6305    .bss                timers.o
    0x20001270        -       0x00007800   Zero   RW         6450    .bss                heap_4.o
    0x20008a70        -       0x00000400   Zero   RW          644    STACK               startup_stm32f40_41xxx.o


==============================================================================

Image component sizes


      Code (inc. data)   RO Data    RW Data    ZI Data      Debug   Object Name

        76          0         72          0          0        992   board.o
       136         10          0          0          0       1529   console_usart.o
       152         20          0          8          0       1775   delay.o
         0          0          0          0          0      13684   event_groups.o
       756         74          0         32      30720       4587   heap_4.o
       482         42          0          4          0       5088   lcd_spi.o
       112          0          0          0          0       2507   led.o
       148          0          0          0          0       3366   list.o
       384        140          0          0          0     294521   main.o
       180         24          0          0          0       2117   misc.o
      1014         92          0         12          0      11569   port.o
        36          4          0          0          0        596   printf.o
      1896         20          0          0         64      16182   queue.o
      1046         66        109          1       4096      11201   st7735.o
        36          8        392          0       1024        872   startup_stm32f40_41xxx.o
         0          0       1697         36          0       1360   stfonts.o
       320         38          0          0          0       4486   stm32f4xx_dma.o
       242          0          0          0          0       3059   stm32f4xx_gpio.o
        20          0          0          0          0       2945   stm32f4xx_it.o
       296         30          0         16          0       4062   stm32f4xx_rcc.o
       124          0          0          0          0       3589   stm32f4xx_spi.o
       270          8          0          0          0       3308   stm32f4xx_usart.o
       340         32          0         20          0       1897   system_stm32f4xx.o
      2580        352          0         64        300      27404   tasks.o
      1226        116          0         20         40      25711   timers.o

    ----------------------------------------------------------------------
     11892       1076       2304        216      36244     448407   Object Totals
         0          0         32          0          0          0   (incl. Generated)
        20          0          2          3          0          0   (incl. Padding)

    ----------------------------------------------------------------------

      Code (inc. data)   RO Data    RW Data    ZI Data      Debug   Library Member Name

         0          0          0          0          0          0   entry.o
         0          0          0          0          0          0   entry10a.o
         0          0          0          0          0          0   entry11a.o
         4          0          0          0          0          0   entry12b.o
         8          4          0          0          0          0   entry2.o
         4          0          0          0          0          0   entry5.o
         0          0          0          0          0          0   entry7b.o
         0          0          0          0          0          0   entry8b.o
         8          4          0          0          0          0   entry9a.o
        30          0          0          0          0          0   handlers.o
        36          8          0          0          0         68   init.o
        36          0          0          0          0         68   memcpya.o
        36          0          0          0          0        108   memseta.o
       372         14          0          0          0        184   printf1.o
         0          0          0          4          0          0   stdout.o
        44          0          0          0          0         80   uidiv.o

    ----------------------------------------------------------------------
       580         30          0          4          0        508   Library Totals
         2          0          0          0          0          0   (incl. Padding)

    ----------------------------------------------------------------------

      Code (inc. data)   RO Data    RW Data    ZI Data      Debug   Library Name

       578         30          0          4          0        508   mc_w.l

    ----------------------------------------------------------------------
       580         30          0          4          0        508   Library Totals

    ----------------------------------------------------------------------

==============================================================================


      Code (inc. data)   RO Data    RW Data    ZI Data      Debug   

     12472       1106       2304        220      36244     435863   Grand Totals
     12472       1106       2304        220      36244     435863   ELF Image Totals
     12472       1106       2304        220          0          0   ROM Totals

==============================================================================

    Total RO  Size (Code + RO Data)                14776 (  14.43kB)
    Total RW  Size (RW Data + ZI Data)             36464 (  35.61kB)
    Total ROM Size (Code + RO Data + RW Data)      14996 (  14.64kB)

==============================================================================

